Archive member included to satisfy reference by file (symbol)

include_lib/liba/br23/cpu.a(crc16.c.o)
                              objs/cpu/br23/setup.c.o (symbol from plugin) (__crc16_mutex_init)
include_lib/liba/br23/cpu.a(uart.c.o)
                              objs/cpu/br23/adc_api.c.o (symbol from plugin) (delay)
include_lib/liba/br23/cpu.a(usb.c.o)
                              objs/apps/common/usb/device/usb_device.c.o (symbol from plugin) (usb_sof_clr_pnd)
include_lib/liba/br23/cpu.a(clock.c.o)
                              objs/apps/common/third_party_profile/tuya_protocol/app/demo/tuya_ota.c.o (symbol from plugin) (clk_get)
include_lib/liba/br23/cpu.a(gpio.c.o)
                              objs/apps/soundbox/board/br23/board_ac695x_demo/board_ac695x_demo.c.o (symbol from plugin) (usb_iomode)
include_lib/liba/br23/cpu.a(timer.c.o)
                              objs/apps/common/key/key_driver.c.o (symbol from plugin) (timer_get_ms)
include_lib/liba/br23/cpu.a(debug.c.o)
                              objs/apps/common/update/testbox_update.c.o (symbol from plugin) (ram_protect_close)
include_lib/liba/br23/cpu.a(wdt.c.o)
                              objs/apps/soundbox/common/init.c.o (symbol from plugin) (wdt_close)
include_lib/liba/br23/cpu.a(efuse.c.o)
                              objs/cpu/br23/charge.c.o (symbol from plugin) (get_vbat_trim)
include_lib/liba/br23/cpu.a(encryption.c.o)
                              objs/apps/soundbox/common/app_sound_box_tool.c.o (symbol from plugin) (doe)
include_lib/liba/br23/cpu.a(vm.c.o)
                              objs/apps/common/fat_nor/phone_rec_fs.c.o (symbol from plugin) (norflash_origin_read)
include_lib/liba/br23/cpu.a(vm_api.c.o)
                              objs/apps/common/music/breakpoint.c.o (symbol from plugin) (vm_api_write_mult)
include_lib/liba/br23/cpu.a(p33.c.o)
                              objs/cpu/br23/adc_api.c.o (symbol from plugin) (p33_and_1byte)
include_lib/liba/br23/cpu.a(power_hw.c.o)
                              objs/cpu/br23/adc_api.c.o (symbol from plugin) (is_lcd_on)
include_lib/liba/br23/cpu.a(power_wakeup.c.o)
                              power_hw.c.o (symbol from plugin) (__hw_wakeup_port_init)
include_lib/liba/br23/cpu.a(rtc.c.o)
                              power_wakeup.c.o (symbol from plugin) (rtc_port_pr_in)
include_lib/liba/br23/cpu.a(pmu_calibrate.c.o)
                              power_hw.c.o (symbol from plugin) (get_vddiow_trim)
include_lib/liba/br23/cpu.a(power_port.c.o)
                              objs/apps/soundbox/board/br23/board_ac695x_demo/board_ac695x_demo.c.o (symbol from plugin) (spi_get_port)
include_lib/liba/br23/cpu.a(usb_setup.c.o)
                              objs/apps/common/usb/usb_config.c.o (symbol from plugin) (usb_id2device)
include_lib/liba/br23/cpu.a(descriptor.c.o)
                              usb_setup.c.o (symbol from plugin) (get_device_descriptor)
include_lib/liba/br23/cpu.a(startup.S.o)
                              (_start)
include_lib/liba/br23/cpu.a(lp_timer_hw.c.o)
                              power_hw.c.o (symbol from plugin) (__hw_nv_timer0_dump)
include_lib/liba/br23/cpu.a(lrc_hw.c.o)
                              power_hw.c.o (symbol from plugin) (__get_lrc_hz)
include_lib/liba/br23/cpu.a(misc_hw.c.o)
                              power_hw.c.o (symbol from plugin) (watchdog_close)
include_lib/liba/br23/system.a(os_api.c.o)
                              objs/apps/soundbox/common/init.c.o (symbol from plugin) (os_init)
include_lib/liba/br23/system.a(app_msg.c.o)
                              objs/apps/common/music/general_player.c.o (symbol from plugin) (app_task_get_msg)
include_lib/liba/br23/system.a(ASCII_lib.c.o)
                              objs/cpu/br23/audio_dec/audio_dec_tone.c.o (symbol from plugin) (ASCII_StrCmpNoCase)
include_lib/liba/br23/system.a(circular_buf.c.o)
                              objs/apps/common/third_party_profile/tuya_protocol/port/tuya_ble_port_AD697x.c.o (symbol from plugin) (cbuf_read)
include_lib/liba/br23/system.a(syscfg_api.c.o)
                              objs/apps/soundbox/aec/br23/audio_aec.c.o (symbol from plugin) (syscfg_read)
include_lib/liba/br23/system.a(config_interface.c.o)
                              objs/apps/common/config/app_config.c.o (symbol from plugin) (config_layer_init)
include_lib/liba/br23/system.a(sbrk.c.o)
                              objs/cpu/br23/setup.c.o (symbol from plugin) (memory_init)
include_lib/liba/br23/system.a(vmalloc.c.o)
                              sbrk.c.o (symbol from plugin) (vmm_init_)
include_lib/liba/br23/system.a(heap_mmu.c.o)
                              objs/apps/soundbox/aec/br23/audio_aec.c.o (symbol from plugin) (mem_stats)
include_lib/liba/br23/system.a(hwi.c.o)
                              objs/apps/common/usb/usb_config.c.o (symbol from plugin) (request_irq)
include_lib/liba/br23/system.a(port.c.o)
[...]
Memory Configuration

Name             Origin             Length             Attributes
psram            0x00800000         0x00200000         xrw
code0            0x01e00100         0x00100000         xr
ram0             0x00000000         0x0002bf00         xrw
ram1             0x0002c000         0x00003f80         xrw
*default*        0x00000000         0xffffffff

Linker script and memory map

LOAD objs/apps/common/audio/audio_digital_vol.c.o
LOAD cpu/br23/tools/sdk.elf.o
LOAD objs/apps/common/audio/audio_utils.c.o
LOAD objs/apps/common/audio/decode/audio_key_tone.c.o
LOAD objs/apps/common/audio/decode/decode.c.o
LOAD objs/apps/common/audio/encode/encode_write_file.c.o
LOAD objs/apps/common/audio/sine_make.c.o
LOAD objs/apps/common/audio/stream/stream_entry.c.o
LOAD objs/apps/common/audio/stream/stream_src.c.o
LOAD objs/apps/common/audio/stream/stream_sync.c.o
LOAD objs/apps/common/audio/uartPcmSender.c.o
LOAD objs/apps/common/bt_common/bt_test_api.c.o
LOAD objs/apps/common/charge_box/chargeIc_manage.c.o
LOAD objs/apps/common/charge_box/chgbox_box.c.o
LOAD objs/apps/common/charge_box/chgbox_ctrl.c.o
LOAD objs/apps/common/charge_box/chgbox_det.c.o
LOAD objs/apps/common/charge_box/chgbox_handshake.c.o
LOAD objs/apps/common/charge_box/chgbox_ui.c.o
LOAD objs/apps/common/charge_box/chgbox_ui_drv_pwmled.c.o
LOAD objs/apps/common/charge_box/chgbox_ui_drv_timer.c.o
LOAD objs/apps/common/charge_box/chgbox_wireless.c.o
LOAD objs/apps/common/config/app_config.c.o
LOAD objs/apps/common/config/bt_profile_config.c.o
LOAD objs/apps/common/config/ci_transport_uart.c.o
LOAD objs/apps/common/debug/debug.c.o
LOAD objs/apps/common/debug/debug_lite.c.o
LOAD objs/apps/common/dev_manager/dev_manager.c.o
LOAD objs/apps/common/dev_manager/dev_reg.c.o
LOAD objs/apps/common/dev_manager/dev_update.c.o
LOAD objs/apps/common/device/detection.c.o
LOAD objs/apps/common/device/fm/bk1080/Bk1080.c.o
LOAD objs/apps/common/device/fm/fm_inside/fm_inside.c.o
LOAD objs/apps/common/device/fm/fm_manage.c.o
LOAD objs/apps/common/device/fm/qn8035/QN8035.c.o
LOAD objs/apps/common/device/fm/rda5807/RDA5807.c.o
LOAD objs/apps/common/device/fm_emitter/ac3433/ac3433.c.o
LOAD objs/apps/common/device/fm_emitter/fm_emitter_manage.c.o
LOAD objs/apps/common/device/fm_emitter/fm_inside/fm_emitter_inside.c.o
LOAD objs/apps/common/device/fm_emitter/qn8007/qn8007.c.o
LOAD objs/apps/common/device/fm_emitter/qn8027/qn8027.c.o
LOAD objs/apps/common/device/gSensor/SC7A20.c.o
LOAD objs/apps/common/device/gSensor/da230.c.o
LOAD objs/apps/common/device/gSensor/gSensor_manage.c.o
LOAD objs/apps/common/device/nandflash/nandflash.c.o
LOAD objs/apps/common/device/norflash/norflash.c.o
LOAD objs/apps/common/fat_nor/nor_fs.c.o
LOAD objs/apps/common/fat_nor/phone_rec_fs.c.o
LOAD objs/apps/common/fat_nor/virfat_flash.c.o
LOAD objs/apps/common/file_operate/file_api.c.o
LOAD objs/apps/common/file_operate/file_bs_deal.c.o
LOAD objs/apps/common/file_operate/file_manager.c.o
LOAD objs/apps/common/iap/iAP_des.c.o
LOAD objs/apps/common/iap/iAP_device.c.o
LOAD objs/apps/common/iap/iAP_iic.c.o
LOAD objs/apps/common/key/adkey.c.o
LOAD objs/apps/common/key/adkey_rtcvdd.c.o
LOAD objs/apps/common/key/ctmu_touch_key.c.o
LOAD objs/apps/common/key/iokey.c.o
LOAD objs/apps/common/key/irkey.c.o
LOAD objs/apps/common/key/key_driver.c.o
LOAD objs/apps/common/key/rdec_key.c.o
LOAD objs/apps/common/key/slidekey.c.o
LOAD objs/apps/common/key/touch_key.c.o
LOAD objs/apps/common/music/breakpoint.c.o
LOAD objs/apps/common/music/general_player.c.o
LOAD objs/apps/common/music/music_decrypt.c.o
LOAD objs/apps/common/music/music_id3.c.o
LOAD objs/apps/common/music/music_player.c.o
LOAD objs/apps/common/rec_nor/nor_interface.c.o
LOAD objs/apps/common/rec_nor/nor_rec_fs.c.o
LOAD objs/apps/common/third_party_profile/common/3th_profile_api.c.o
LOAD objs/apps/common/third_party_profile/common/custom_cfg.c.o
LOAD objs/apps/common/third_party_profile/common/mic_rec.c.o
LOAD objs/apps/common/third_party_profile/interface/app_protocol_api.c.o
LOAD objs/apps/common/third_party_profile/interface/app_protocol_common.c.o
LOAD objs/apps/common/third_party_profile/interface/app_protocol_dma.c.o
LOAD objs/apps/common/third_party_profile/interface/app_protocol_gma.c.o
LOAD objs/apps/common/third_party_profile/interface/app_protocol_mma.c.o
LOAD objs/apps/common/third_party_profile/interface/app_protocol_ota.c.o
LOAD objs/apps/common/third_party_profile/interface/app_protocol_tme.c.o
LOAD objs/apps/common/third_party_profile/jieli/JL_rcsp/adv_app_setting/adv_bt_name_setting.c.o
LOAD objs/apps/common/third_party_profile/jieli/JL_rcsp/adv_app_setting/adv_key_setting.c.o
LOAD objs/apps/common/third_party_profile/jieli/JL_rcsp/adv_app_setting/adv_led_setting.c.o
LOAD objs/apps/common/third_party_profile/jieli/JL_rcsp/adv_app_setting/adv_mic_setting.c.o
LOAD objs/apps/common/third_party_profile/jieli/JL_rcsp/adv_app_setting/adv_time_stamp_setting.c.o
LOAD objs/apps/common/third_party_profile/jieli/JL_rcsp/adv_app_setting/adv_work_setting.c.o
LOAD objs/apps/common/third_party_profile/jieli/JL_rcsp/adv_rcsp_protocol/rcsp_adv_opt.c.o
LOAD objs/apps/common/third_party_profile/jieli/JL_rcsp/adv_rcsp_protocol/rcsp_adv_tws_sync.c.o
LOAD objs/apps/common/third_party_profile/jieli/JL_rcsp/rcsp_updata/rcsp_adv_user_update.c.o
LOAD objs/apps/common/third_party_profile/jieli/hid_user.c.o
LOAD objs/apps/common/third_party_profile/jieli/le_client_demo.c.o
LOAD objs/apps/common/third_party_profile/jieli/multi_demo/le_multi_client.c.o
LOAD objs/apps/common/third_party_profile/jieli/multi_demo/le_multi_common.c.o
LOAD objs/apps/common/third_party_profile/jieli/multi_demo/le_multi_trans.c.o
LOAD objs/apps/common/third_party_profile/jieli/online_db/online_db_deal.c.o
LOAD objs/apps/common/third_party_profile/jieli/online_db/spp_online_db.c.o
LOAD objs/apps/common/third_party_profile/jieli/trans_data_demo/le_trans_data.c.o
LOAD objs/apps/common/third_party_profile/jieli/trans_data_demo/spp_trans_data.c.o
LOAD objs/apps/common/third_party_profile/jieli/tuya_multi/tuya_le_multi_client.c.o
LOAD objs/apps/common/third_party_profile/jieli/tuya_multi/tuya_le_multi_common.c.o
LOAD objs/apps/common/third_party_profile/jieli/tuya_multi/tuya_le_multi_trans.c.o
LOAD objs/apps/common/third_party_profile/tuya_protocol/app/demo/tuya_ble_app_demo.c.o
LOAD objs/apps/common/third_party_profile/tuya_protocol/app/demo/tuya_ota.c.o
LOAD objs/apps/common/third_party_profile/tuya_protocol/app/product_test/tuya_ble_app_production_test.c.o
LOAD objs/apps/common/third_party_profile/tuya_protocol/app/uart_common/tuya_ble_app_uart_common_handler.c.o
LOAD objs/apps/common/third_party_profile/tuya_protocol/extern_components/mbedtls/aes.c.o
LOAD objs/apps/common/third_party_profile/tuya_protocol/extern_components/mbedtls/ccm.c.o
LOAD objs/apps/common/third_party_profile/tuya_protocol/extern_components/mbedtls/hmac.c.o
LOAD objs/apps/common/third_party_profile/tuya_protocol/extern_components/mbedtls/md5.c.o
LOAD objs/apps/common/third_party_profile/tuya_protocol/extern_components/mbedtls/sha1.c.o
LOAD objs/apps/common/third_party_profile/tuya_protocol/extern_components/mbedtls/sha256.c.o
LOAD objs/apps/common/third_party_profile/tuya_protocol/port/JL_to_tuya_ble_port_peripheral.c.o
LOAD objs/apps/common/third_party_profile/tuya_protocol/port/tuya_ble_port.c.o
LOAD objs/apps/common/third_party_profile/tuya_protocol/port/tuya_ble_port_AD697x.c.o
LOAD objs/apps/common/third_party_profile/tuya_protocol/port/tuya_ble_port_peripheral.c.o
LOAD objs/apps/common/third_party_profile/tuya_protocol/sdk/src/tuya_ble_api.c.o
LOAD objs/apps/common/third_party_profile/tuya_protocol/sdk/src/tuya_ble_bulk_data.c.o
LOAD objs/apps/common/third_party_profile/tuya_protocol/sdk/src/tuya_ble_data_handler.c.o
LOAD objs/apps/common/third_party_profile/tuya_protocol/sdk/src/tuya_ble_event.c.o
LOAD objs/apps/common/third_party_profile/tuya_protocol/sdk/src/tuya_ble_event_handler.c.o
LOAD objs/apps/common/third_party_profile/tuya_protocol/sdk/src/tuya_ble_event_handler_weak.c.o
LOAD objs/apps/common/third_party_profile/tuya_protocol/sdk/src/tuya_ble_feature_weather.c.o
LOAD objs/apps/common/third_party_profile/tuya_protocol/sdk/src/tuya_ble_gatt_send_queue.c.o
LOAD objs/apps/common/third_party_profile/tuya_protocol/sdk/src/tuya_ble_heap.c.o
LOAD objs/apps/common/third_party_profile/tuya_protocol/sdk/src/tuya_ble_main.c.o
LOAD objs/apps/common/third_party_profile/tuya_protocol/sdk/src/tuya_ble_mem.c.o
LOAD objs/apps/common/third_party_profile/tuya_protocol/sdk/src/tuya_ble_mutli_tsf_protocol.c.o
LOAD objs/apps/common/third_party_profile/tuya_protocol/sdk/src/tuya_ble_queue.c.o
LOAD objs/apps/common/third_party_profile/tuya_protocol/sdk/src/tuya_ble_storage.c.o
LOAD objs/apps/common/third_party_profile/tuya_protocol/sdk/src/tuya_ble_unix_time.c.o
LOAD objs/apps/common/third_party_profile/tuya_protocol/sdk/src/tuya_ble_utils.c.o
LOAD objs/apps/common/ui/lcd/lcd_ui_api.c.o
LOAD objs/apps/common/ui/lcd_simple/lcd_simple_api.c.o
LOAD objs/apps/common/ui/lcd_simple/ui.c.o
LOAD objs/apps/common/ui/lcd_simple/ui_mainmenu.c.o
LOAD objs/apps/common/ui/led7/led7_ui_api.c.o
LOAD objs/apps/common/update/norflash_ufw_update.c.o
LOAD objs/apps/common/update/norflash_update.c.o
LOAD objs/apps/common/update/testbox_update.c.o
LOAD objs/apps/common/update/uart_update.c.o
LOAD objs/apps/common/update/uart_update_master.c.o
LOAD objs/apps/common/update/update.c.o
LOAD objs/apps/common/usb/device/cdc.c.o
LOAD objs/apps/common/usb/device/descriptor.c.o
LOAD objs/apps/common/usb/device/hid.c.o
LOAD objs/apps/common/usb/device/msd.c.o
LOAD objs/apps/common/usb/device/msd_upgrade.c.o
LOAD objs/apps/common/usb/device/task_pc.c.o
LOAD objs/apps/common/usb/device/uac1.c.o
LOAD objs/apps/common/usb/device/uac_stream.c.o
LOAD objs/apps/common/usb/device/usb_device.c.o
LOAD objs/apps/common/usb/device/user_setup.c.o
LOAD objs/apps/common/usb/host/adb.c.o
LOAD objs/apps/common/usb/host/aoa.c.o
LOAD objs/apps/common/usb/host/apple_mfi.c.o
LOAD objs/apps/common/usb/host/audio.c.o
LOAD objs/apps/common/usb/host/audio_demo.c.o
LOAD objs/apps/common/usb/host/hid.c.o
LOAD objs/apps/common/usb/host/usb_bulk_transfer.c.o
LOAD objs/apps/common/usb/host/usb_ctrl_transfer.c.o
LOAD objs/apps/common/usb/host/usb_host.c.o
LOAD objs/apps/common/usb/host/usb_storage.c.o
LOAD objs/apps/common/usb/usb_config.c.o
LOAD objs/apps/common/usb/usb_host_config.c.o
LOAD objs/apps/soundbox/aec/br23/audio_aec.c.o
LOAD objs/apps/soundbox/aec/br23/audio_aec_demo.c.o
LOAD objs/apps/soundbox/app_main.c.o
LOAD objs/apps/soundbox/board/br23/board_ac6083a/board_ac6083a.c.o
LOAD objs/apps/soundbox/board/br23/board_ac6083a/key_table/adkey_table.c.o
LOAD objs/apps/soundbox/board/br23/board_ac6083a/key_table/iokey_table.c.o
LOAD objs/apps/soundbox/board/br23/board_ac6083a/key_table/irkey_table.c.o
LOAD objs/apps/soundbox/board/br23/board_ac6083a/key_table/rdec_key_table.c.o
LOAD objs/apps/soundbox/board/br23/board_ac6083a/key_table/touch_key_table.c.o
LOAD objs/apps/soundbox/board/br23/board_ac6083a_iap/board_ac6083a_iap.c.o
LOAD objs/apps/soundbox/board/br23/board_ac6083a_iap/key_table/adkey_table.c.o
LOAD objs/apps/soundbox/board/br23/board_ac6083a_iap/key_table/iokey_table.c.o
LOAD objs/apps/soundbox/board/br23/board_ac6083a_iap/key_table/irkey_table.c.o
LOAD objs/apps/soundbox/board/br23/board_ac6083a_iap/key_table/rdec_key_table.c.o
LOAD objs/apps/soundbox/board/br23/board_ac6083a_iap/key_table/touch_key_table.c.o
LOAD objs/apps/soundbox/board/br23/board_ac6951_kgb_v1/board_ac6951_kgb_v1.c.o
LOAD objs/apps/soundbox/board/br23/board_ac6951_kgb_v1/key_table/adkey_table.c.o
LOAD objs/apps/soundbox/board/br23/board_ac6951_kgb_v1/key_table/iokey_table.c.o
LOAD objs/apps/soundbox/board/br23/board_ac6951_kgb_v1/key_table/irkey_table.c.o
LOAD objs/apps/soundbox/board/br23/board_ac6951_kgb_v1/key_table/rdec_key_table.c.o
LOAD objs/apps/soundbox/board/br23/board_ac6951_kgb_v1/key_table/touch_key_table.c.o
LOAD objs/apps/soundbox/board/br23/board_ac6951g/board_ac6951g.c.o
LOAD objs/apps/soundbox/board/br23/board_ac6951g/key_table/adkey_table.c.o
LOAD objs/apps/soundbox/board/br23/board_ac6951g/key_table/iokey_table.c.o
LOAD objs/apps/soundbox/board/br23/board_ac6951g/key_table/irkey_table.c.o
LOAD objs/apps/soundbox/board/br23/board_ac6951g/key_table/rdec_key_table.c.o
LOAD objs/apps/soundbox/board/br23/board_ac6951g/key_table/touch_key_table.c.o
LOAD objs/apps/soundbox/board/br23/board_ac6952e_lighter/board_ac6952e_lighter.c.o
LOAD objs/apps/soundbox/board/br23/board_ac6952e_lighter/key_table/adkey_table.c.o
LOAD objs/apps/soundbox/board/br23/board_ac6952e_lighter/key_table/iokey_table.c.o
LOAD objs/apps/soundbox/board/br23/board_ac6952e_lighter/key_table/irkey_table.c.o
LOAD objs/apps/soundbox/board/br23/board_ac6952e_lighter/key_table/rdec_key_table.c.o
LOAD objs/apps/soundbox/board/br23/board_ac6952e_lighter/key_table/touch_key_table.c.o
LOAD objs/apps/soundbox/board/br23/board_ac6954a_demo/board_ac6954a_demo.c.o
LOAD objs/apps/soundbox/board/br23/board_ac6954a_demo/key_table/adkey_table.c.o
LOAD objs/apps/soundbox/board/br23/board_ac6954a_demo/key_table/iokey_table.c.o
LOAD objs/apps/soundbox/board/br23/board_ac6954a_demo/key_table/irkey_table.c.o
LOAD objs/apps/soundbox/board/br23/board_ac6954a_demo/key_table/rdec_key_table.c.o
LOAD objs/apps/soundbox/board/br23/board_ac6954a_demo/key_table/touch_key_table.c.o
LOAD objs/apps/soundbox/board/br23/board_ac6955f_headset_mono/board_ac6955f_headset_mono.c.o
LOAD objs/apps/soundbox/board/br23/board_ac6955f_headset_mono/key_table/adkey_table.c.o
LOAD objs/apps/soundbox/board/br23/board_ac6955f_headset_mono/key_table/iokey_table.c.o
LOAD objs/apps/soundbox/board/br23/board_ac6955f_headset_mono/key_table/irkey_table.c.o
LOAD objs/apps/soundbox/board/br23/board_ac6955f_headset_mono/key_table/rdec_key_table.c.o
LOAD objs/apps/soundbox/board/br23/board_ac6955f_headset_mono/key_table/touch_key_table.c.o
LOAD objs/apps/soundbox/board/br23/board_ac695x_audio_effects/board_ac695x_audio_effects.c.o
LOAD objs/apps/soundbox/board/br23/board_ac695x_audio_effects/key_table/adkey_table.c.o
LOAD objs/apps/soundbox/board/br23/board_ac695x_audio_effects/key_table/iokey_table.c.o
LOAD objs/apps/soundbox/board/br23/board_ac695x_audio_effects/key_table/irkey_table.c.o
LOAD objs/apps/soundbox/board/br23/board_ac695x_audio_effects/key_table/rdec_key_table.c.o
LOAD objs/apps/soundbox/board/br23/board_ac695x_audio_effects/key_table/touch_key_table.c.o
LOAD objs/apps/soundbox/board/br23/board_ac695x_btemitter/board_ac695x_btemitter.c.o
LOAD objs/apps/soundbox/board/br23/board_ac695x_btemitter/key_table/adkey_table.c.o
LOAD objs/apps/soundbox/board/br23/board_ac695x_btemitter/key_table/iokey_table.c.o
LOAD objs/apps/soundbox/board/br23/board_ac695x_btemitter/key_table/irkey_table.c.o
LOAD objs/apps/soundbox/board/br23/board_ac695x_btemitter/key_table/rdec_key_table.c.o
LOAD objs/apps/soundbox/board/br23/board_ac695x_btemitter/key_table/touch_key_table.c.o
LOAD objs/apps/soundbox/board/br23/board_ac695x_charging_bin/board_ac695x_charging_bin.c.o
LOAD objs/apps/soundbox/board/br23/board_ac695x_charging_bin/key_table/adkey_table.c.o
LOAD objs/apps/soundbox/board/br23/board_ac695x_charging_bin/key_table/iokey_table.c.o
LOAD objs/apps/soundbox/board/br23/board_ac695x_charging_bin/key_table/irkey_table.c.o
LOAD objs/apps/soundbox/board/br23/board_ac695x_charging_bin/key_table/rdec_key_table.c.o
LOAD objs/apps/soundbox/board/br23/board_ac695x_charging_bin/key_table/touch_key_table.c.o
LOAD objs/apps/soundbox/board/br23/board_ac695x_cvp_develop/board_ac695x_cvp_develop.c.o
LOAD objs/apps/soundbox/board/br23/board_ac695x_cvp_develop/key_table/adkey_table.c.o
LOAD objs/apps/soundbox/board/br23/board_ac695x_cvp_develop/key_table/iokey_table.c.o
LOAD objs/apps/soundbox/board/br23/board_ac695x_cvp_develop/key_table/irkey_table.c.o
LOAD objs/apps/soundbox/board/br23/board_ac695x_cvp_develop/key_table/rdec_key_table.c.o
LOAD objs/apps/soundbox/board/br23/board_ac695x_cvp_develop/key_table/touch_key_table.c.o
LOAD objs/apps/soundbox/board/br23/board_ac695x_demo/board_ac695x_demo.c.o
LOAD objs/apps/soundbox/board/br23/board_ac695x_demo/key_table/adkey_table.c.o
LOAD objs/apps/soundbox/board/br23/board_ac695x_demo/key_table/iokey_table.c.o
LOAD objs/apps/soundbox/board/br23/board_ac695x_demo/key_table/irkey_table.c.o
LOAD objs/apps/soundbox/board/br23/board_ac695x_demo/key_table/rdec_key_table.c.o
LOAD objs/apps/soundbox/board/br23/board_ac695x_demo/key_table/touch_key_table.c.o
LOAD objs/apps/soundbox/board/br23/board_ac695x_lcd/board_ac695x_lcd.c.o
LOAD objs/apps/soundbox/board/br23/board_ac695x_lcd/key_table/adkey_table.c.o
LOAD objs/apps/soundbox/board/br23/board_ac695x_lcd/key_table/iokey_table.c.o
LOAD objs/apps/soundbox/board/br23/board_ac695x_lcd/key_table/irkey_table.c.o
LOAD objs/apps/soundbox/board/br23/board_ac695x_lcd/key_table/rdec_key_table.c.o
LOAD objs/apps/soundbox/board/br23/board_ac695x_lcd/key_table/touch_key_table.c.o
LOAD objs/apps/soundbox/board/br23/board_ac695x_megaphone/board_ac695x_megaphone.c.o
LOAD objs/apps/soundbox/board/br23/board_ac695x_megaphone/key_table/adkey_table.c.o
LOAD objs/apps/soundbox/board/br23/board_ac695x_megaphone/key_table/iokey_table.c.o
LOAD objs/apps/soundbox/board/br23/board_ac695x_megaphone/key_table/irkey_table.c.o
LOAD objs/apps/soundbox/board/br23/board_ac695x_megaphone/key_table/rdec_key_table.c.o
LOAD objs/apps/soundbox/board/br23/board_ac695x_megaphone/key_table/touch_key_table.c.o
LOAD objs/apps/soundbox/board/br23/board_ac695x_multimedia_charging_bin/board_ac695x_multimedia_charging_bin.c.o
LOAD objs/apps/soundbox/board/br23/board_ac695x_multimedia_charging_bin/key_table/adkey_table.c.o
LOAD objs/apps/soundbox/board/br23/board_ac695x_multimedia_charging_bin/key_table/iokey_table.c.o
LOAD objs/apps/soundbox/board/br23/board_ac695x_multimedia_charging_bin/key_table/irkey_table.c.o
LOAD objs/apps/soundbox/board/br23/board_ac695x_multimedia_charging_bin/key_table/rdec_key_table.c.o
LOAD objs/apps/soundbox/board/br23/board_ac695x_multimedia_charging_bin/key_table/touch_key_table.c.o
LOAD objs/apps/soundbox/board/br23/board_ac695x_smartbox/board_ac695x_smartbox.c.o
LOAD objs/apps/soundbox/board/br23/board_ac695x_smartbox/key_table/adkey_table.c.o
LOAD objs/apps/soundbox/board/br23/board_ac695x_smartbox/key_table/iokey_table.c.o
LOAD objs/apps/soundbox/board/br23/board_ac695x_smartbox/key_table/irkey_table.c.o
LOAD objs/apps/soundbox/board/br23/board_ac695x_smartbox/key_table/rdec_key_table.c.o
LOAD objs/apps/soundbox/board/br23/board_ac695x_smartbox/key_table/touch_key_table.c.o
LOAD objs/apps/soundbox/board/br23/board_ac695x_soundcard/board_ac695x_soundcard.c.o
LOAD objs/apps/soundbox/board/br23/board_ac695x_soundcard/key_table/adkey_table.c.o
LOAD objs/apps/soundbox/board/br23/board_ac695x_soundcard/key_table/iokey_table.c.o
LOAD objs/apps/soundbox/board/br23/board_ac695x_soundcard/key_table/irkey_table.c.o
LOAD objs/apps/soundbox/board/br23/board_ac695x_soundcard/key_table/rdec_key_table.c.o
LOAD objs/apps/soundbox/board/br23/board_ac695x_soundcard/key_table/touch_key_table.c.o
LOAD objs/apps/soundbox/board/br23/board_ac695x_tws/board_ac695x_tws.c.o
LOAD objs/apps/soundbox/board/br23/board_ac695x_tws/key_table/adkey_table.c.o
LOAD objs/apps/soundbox/board/br23/board_ac695x_tws/key_table/iokey_table.c.o
LOAD objs/apps/soundbox/board/br23/board_ac695x_tws/key_table/irkey_table.c.o
LOAD objs/apps/soundbox/board/br23/board_ac695x_tws/key_table/rdec_key_table.c.o
LOAD objs/apps/soundbox/board/br23/board_ac695x_tws/key_table/touch_key_table.c.o
LOAD objs/apps/soundbox/board/br23/board_ac695x_tws_box/board_ac695x_tws_box.c.o
LOAD objs/apps/soundbox/board/br23/board_ac695x_tws_box/key_table/adkey_table.c.o
LOAD objs/apps/soundbox/board/br23/board_ac695x_tws_box/key_table/iokey_table.c.o
LOAD objs/apps/soundbox/board/br23/board_ac695x_tws_box/key_table/irkey_table.c.o
LOAD objs/apps/soundbox/board/br23/board_ac695x_tws_box/key_table/rdec_key_table.c.o
LOAD objs/apps/soundbox/board/br23/board_ac695x_tws_box/key_table/touch_key_table.c.o
LOAD objs/apps/soundbox/board/br23/irq_config.c.o
LOAD objs/apps/soundbox/common/app_sound_box_tool.c.o
LOAD objs/apps/soundbox/common/dev_status.c.o
LOAD objs/apps/soundbox/common/init.c.o
LOAD objs/apps/soundbox/common/task_table.c.o
LOAD objs/apps/soundbox/common/tone_table.c.o
LOAD objs/apps/soundbox/common/user_cfg_new.c.o
LOAD objs/apps/soundbox/font/fontinit.c.o
LOAD objs/apps/soundbox/log_config/app_config.c.o
LOAD objs/apps/soundbox/log_config/lib_btctrler_config.c.o
LOAD objs/apps/soundbox/log_config/lib_btstack_config.c.o
LOAD objs/apps/soundbox/log_config/lib_driver_config.c.o
LOAD objs/apps/soundbox/log_config/lib_media_config.c.o
LOAD objs/apps/soundbox/log_config/lib_system_config.c.o
LOAD objs/apps/soundbox/log_config/lib_update_config.c.o
LOAD objs/apps/soundbox/power_manage/app_charge.c.o
LOAD objs/apps/soundbox/power_manage/app_chargestore.c.o
LOAD objs/apps/soundbox/power_manage/app_power_manage.c.o
LOAD objs/apps/soundbox/smartbox/browser/browser.c.o
LOAD objs/apps/soundbox/smartbox/bt_manage/bt_trans_data/le_smartbox_adv.c.o
LOAD objs/apps/soundbox/smartbox/bt_manage/bt_trans_data/le_smartbox_module.c.o
LOAD objs/apps/soundbox/smartbox/bt_manage/smartbox_bt_manage.c.o
LOAD objs/apps/soundbox/smartbox/cmd_data_deal/cmd_recieve.c.o
LOAD objs/apps/soundbox/smartbox/cmd_data_deal/cmd_recieve_no_respone.c.o
LOAD objs/apps/soundbox/smartbox/cmd_data_deal/cmd_respone.c.o
LOAD objs/apps/soundbox/smartbox/cmd_data_deal/cmd_user.c.o
LOAD objs/apps/soundbox/smartbox/cmd_data_deal/command.c.o
LOAD objs/apps/soundbox/smartbox/cmd_data_deal/data_recieve.c.o
LOAD objs/apps/soundbox/smartbox/cmd_data_deal/data_recieve_no_respone.c.o
LOAD objs/apps/soundbox/smartbox/cmd_data_deal/data_respone.c.o
LOAD objs/apps/soundbox/smartbox/config.c.o
LOAD objs/apps/soundbox/smartbox/event.c.o
LOAD objs/apps/soundbox/smartbox/feature.c.o
LOAD objs/apps/soundbox/smartbox/file_transfer/dev_format.c.o
LOAD objs/apps/soundbox/smartbox/file_transfer/file_delete.c.o
LOAD objs/apps/soundbox/smartbox/file_transfer/file_transfer.c.o
LOAD objs/apps/soundbox/smartbox/func_cmd/bt_func.c.o
LOAD objs/apps/soundbox/smartbox/func_cmd/fm_func.c.o
LOAD objs/apps/soundbox/smartbox/func_cmd/linein_func.c.o
LOAD objs/apps/soundbox/smartbox/func_cmd/music_func.c.o
LOAD objs/apps/soundbox/smartbox/func_cmd/rtc_func.c.o
LOAD objs/apps/soundbox/smartbox/function.c.o
LOAD objs/apps/soundbox/smartbox/smartbox.c.o
LOAD objs/apps/soundbox/smartbox/smartbox_rcsp_manage.c.o
LOAD objs/apps/soundbox/smartbox/smartbox_setting/adv_bt_name_setting.c.o
LOAD objs/apps/soundbox/smartbox/smartbox_setting/adv_key_setting.c.o
LOAD objs/apps/soundbox/smartbox/smartbox_setting/adv_led_setting.c.o
LOAD objs/apps/soundbox/smartbox/smartbox_setting/adv_mic_setting.c.o
LOAD objs/apps/soundbox/smartbox/smartbox_setting/adv_time_stamp_setting.c.o
LOAD objs/apps/soundbox/smartbox/smartbox_setting/adv_work_setting.c.o
LOAD objs/apps/soundbox/smartbox/smartbox_setting/smartbox_color_led_setting.c.o
LOAD objs/apps/soundbox/smartbox/smartbox_setting/smartbox_eq_setting.c.o
LOAD objs/apps/soundbox/smartbox/smartbox_setting/smartbox_high_low_vol_setting.c.o
LOAD objs/apps/soundbox/smartbox/smartbox_setting/smartbox_karaoke_eq_setting.c.o
LOAD objs/apps/soundbox/smartbox/smartbox_setting/smartbox_karaoke_setting.c.o
LOAD objs/apps/soundbox/smartbox/smartbox_setting/smartbox_misc_setting/smartbox_misc_drc_setting.c.o
LOAD objs/apps/soundbox/smartbox/smartbox_setting/smartbox_misc_setting/smartbox_misc_reverbration_setting.c.o
LOAD objs/apps/soundbox/smartbox/smartbox_setting/smartbox_misc_setting/smartbox_misc_setting.c.o
LOAD objs/apps/soundbox/smartbox/smartbox_setting/smartbox_music_info_setting.c.o
LOAD objs/apps/soundbox/smartbox/smartbox_setting/smartbox_vol_setting.c.o
LOAD objs/apps/soundbox/smartbox/smartbox_setting_opt/smartbox_adv_bluetooth.c.o
LOAD objs/apps/soundbox/smartbox/smartbox_setting_opt/smartbox_setting_opt.c.o
LOAD objs/apps/soundbox/smartbox/smartbox_setting_opt/smartbox_setting_sync.c.o
LOAD objs/apps/soundbox/smartbox/smartbox_task.c.o
LOAD objs/apps/soundbox/smartbox/smartbox_update/rcsp_ch_loader_download.c.o
LOAD objs/apps/soundbox/smartbox/smartbox_update/smartbox_update.c.o
LOAD objs/apps/soundbox/smartbox/smartbox_update/smartbox_update_tws.c.o
LOAD objs/apps/soundbox/smartbox/switch_device.c.o
LOAD objs/apps/soundbox/smartbox/tuya/tuya_demo.c.o
LOAD objs/apps/soundbox/soundcard/lamp.c.o
LOAD objs/apps/soundbox/soundcard/notice.c.o
LOAD objs/apps/soundbox/soundcard/peripheral.c.o
LOAD objs/apps/soundbox/soundcard/soundcard.c.o
LOAD objs/apps/soundbox/task_manager/app_common.c.o
LOAD objs/apps/soundbox/task_manager/app_task_switch.c.o
LOAD objs/apps/soundbox/task_manager/bt/bt.c.o
LOAD objs/apps/soundbox/task_manager/bt/bt_ble.c.o
LOAD objs/apps/soundbox/task_manager/bt/bt_emitter.c.o
LOAD objs/apps/soundbox/task_manager/bt/bt_event_fun.c.o
LOAD objs/apps/soundbox/task_manager/bt/bt_key_fun.c.o
LOAD objs/apps/soundbox/task_manager/bt/bt_product_test.c.o
LOAD objs/apps/soundbox/task_manager/bt/bt_switch_fun.c.o
LOAD objs/apps/soundbox/task_manager/bt/bt_tws.c.o
LOAD objs/apps/soundbox/task_manager/bt/vol_sync.c.o
LOAD objs/apps/soundbox/task_manager/fm/fm.c.o
LOAD objs/apps/soundbox/task_manager/fm/fm_api.c.o
LOAD objs/apps/soundbox/task_manager/fm/fm_rw.c.o
LOAD objs/apps/soundbox/task_manager/idle/idle.c.o
LOAD objs/apps/soundbox/task_manager/linein/linein.c.o
LOAD objs/apps/soundbox/task_manager/linein/linein_api.c.o
LOAD objs/apps/soundbox/task_manager/linein/linein_dev.c.o
LOAD objs/apps/soundbox/task_manager/music/music.c.o
LOAD objs/apps/soundbox/task_manager/pc/pc.c.o
LOAD objs/apps/soundbox/task_manager/power_off/power_off.c.o
LOAD objs/apps/soundbox/task_manager/power_on/power_on.c.o
LOAD objs/apps/soundbox/task_manager/record/record.c.o
LOAD objs/apps/soundbox/task_manager/rtc/alarm_api.c.o
LOAD objs/apps/soundbox/task_manager/rtc/alarm_user.c.o
LOAD objs/apps/soundbox/task_manager/rtc/rtc.c.o
LOAD objs/apps/soundbox/task_manager/rtc/virtual_rtc.c.o
LOAD objs/apps/soundbox/task_manager/sleep/sleep.c.o
LOAD objs/apps/soundbox/task_manager/spdif/hdmi_cec_drv.c.o
LOAD objs/apps/soundbox/task_manager/spdif/spdif.c.o
LOAD objs/apps/soundbox/task_manager/task_key.c.o
LOAD objs/apps/soundbox/third_party_profile/ancs_client_demo/ancs_client_demo.c.o
LOAD objs/apps/soundbox/third_party_profile/app_protocol_deal.c.o
LOAD objs/apps/soundbox/third_party_profile/trans_data_demo/trans_data_demo.c.o
LOAD objs/apps/soundbox/ui/color_led/color_led_app.c.o
LOAD objs/apps/soundbox/ui/color_led/color_led_table.c.o
LOAD objs/apps/soundbox/ui/color_led/driver/color_led.c.o
LOAD objs/apps/soundbox/ui/color_led/driver/color_led_driver.c.o
LOAD objs/apps/soundbox/ui/lcd/STYLE_02/bt_action.c.o
LOAD objs/apps/soundbox/ui/lcd/STYLE_02/clock_action.c.o
LOAD objs/apps/soundbox/ui/lcd/STYLE_02/file_brower.c.o
LOAD objs/apps/soundbox/ui/lcd/STYLE_02/fm_action.c.o
LOAD objs/apps/soundbox/ui/lcd/STYLE_02/linein_action.c.o
LOAD objs/apps/soundbox/ui/lcd/STYLE_02/music_action.c.o
LOAD objs/apps/soundbox/ui/lcd/STYLE_02/record_action.c.o
LOAD objs/apps/soundbox/ui/lcd/STYLE_02/system_action.c.o
LOAD objs/apps/soundbox/ui/lcd/lyrics_api.c.o
LOAD objs/apps/soundbox/ui/lcd/ui_sys_param_api.c.o
LOAD objs/apps/soundbox/ui/lcd_simple/my_demo.c.o
LOAD objs/apps/soundbox/ui/led/pwm_led_api.c.o
LOAD objs/apps/soundbox/ui/led/pwm_led_para_table.c.o
LOAD objs/apps/soundbox/ui/led7/ui_bt.c.o
LOAD objs/apps/soundbox/ui/led7/ui_common.c.o
LOAD objs/apps/soundbox/ui/led7/ui_fm.c.o
LOAD objs/apps/soundbox/ui/led7/ui_fm_emitter.c.o
LOAD objs/apps/soundbox/ui/led7/ui_idle.c.o
LOAD objs/apps/soundbox/ui/led7/ui_linein.c.o
LOAD objs/apps/soundbox/ui/led7/ui_music.c.o
LOAD objs/apps/soundbox/ui/led7/ui_pc.c.o
LOAD objs/apps/soundbox/ui/led7/ui_record.c.o
LOAD objs/apps/soundbox/ui/led7/ui_rtc.c.o
LOAD objs/apps/soundbox/user_api/app_pwmled_api.c.o
LOAD objs/apps/soundbox/user_api/app_record_api.c.o
LOAD objs/apps/soundbox/user_api/app_special_play_api.c.o
LOAD objs/apps/soundbox/user_api/app_status_api.c.o
LOAD objs/apps/soundbox/user_api/dev_multiplex_api.c.o
LOAD objs/apps/soundbox/user_api/product_info_api.c.o
LOAD objs/apps/soundbox/version.c.o
LOAD objs/cpu/br23/adc_api.c.o
LOAD objs/cpu/br23/app_timer.c.o
LOAD objs/cpu/br23/audio_common/app_audio.c.o
LOAD objs/cpu/br23/audio_common/audio_fmtx.c.o
LOAD objs/cpu/br23/audio_common/audio_iis.c.o
LOAD objs/cpu/br23/audio_common/audio_link.c.o
LOAD objs/cpu/br23/audio_dec/audio_dec.c.o
LOAD objs/cpu/br23/audio_dec/audio_dec_bt.c.o
LOAD objs/cpu/br23/audio_dec/audio_dec_file.c.o
LOAD objs/cpu/br23/audio_dec/audio_dec_fm.c.o
LOAD objs/cpu/br23/audio_dec/audio_dec_linein.c.o
LOAD objs/cpu/br23/audio_dec/audio_dec_midi_ctrl.c.o
LOAD objs/cpu/br23/audio_dec/audio_dec_midi_file.c.o
LOAD objs/cpu/br23/audio_dec/audio_dec_pc.c.o
LOAD objs/cpu/br23/audio_dec/audio_dec_record.c.o
LOAD objs/cpu/br23/audio_dec/audio_dec_spdif.c.o
LOAD objs/cpu/br23/audio_dec/audio_dec_tone.c.o
LOAD objs/cpu/br23/audio_dec/audio_spectrum.c.o
LOAD objs/cpu/br23/audio_dec/audio_sync.c.o
LOAD objs/cpu/br23/audio_dec/audio_usb_mic.c.o
LOAD objs/cpu/br23/audio_dec/lfwordana_enc_api.c.o
LOAD objs/cpu/br23/audio_dec/tone_player.c.o
LOAD objs/cpu/br23/audio_effect/audio_dynamic_eq_demo.c.o
LOAD objs/cpu/br23/audio_effect/audio_eff_default_parm.c.o
LOAD objs/cpu/br23/audio_effect/audio_eq_drc_demo.c.o
LOAD objs/cpu/br23/audio_effect/audio_gain_process_demo.c.o
LOAD objs/cpu/br23/audio_effect/audio_sound_track_2_p_x.c.o
LOAD objs/cpu/br23/audio_effect/audio_surround_demo.c.o
LOAD objs/cpu/br23/audio_effect/audio_vbass_demo.c.o
LOAD objs/cpu/br23/audio_effect/audio_voice_changer_demo.c.o
LOAD objs/cpu/br23/audio_effect/effects_adj.c.o
LOAD objs/cpu/br23/audio_effect/eq_config.c.o
LOAD objs/cpu/br23/audio_enc/audio_adc_demo.c.o
LOAD objs/cpu/br23/audio_enc/audio_enc.c.o
LOAD objs/cpu/br23/audio_enc/audio_enc_file.c.o
LOAD objs/cpu/br23/audio_enc/audio_enc_recoder.c.o
LOAD objs/cpu/br23/audio_enc/audio_mic_codec.c.o
LOAD objs/cpu/br23/audio_enc/audio_recorder_mix.c.o
LOAD objs/cpu/br23/audio_enc/audio_sbc_codec.c.o
LOAD objs/cpu/br23/audio_mic/effect_linein.c.o
LOAD objs/cpu/br23/audio_mic/effect_parm.c.o
LOAD objs/cpu/br23/audio_mic/effect_reg.c.o
LOAD objs/cpu/br23/audio_mic/loud_speaker.c.o
LOAD objs/cpu/br23/audio_mic/mic_effect.c.o
LOAD objs/cpu/br23/audio_mic/mic_stream.c.o
LOAD objs/cpu/br23/audio_mic/simpleAGC.c.o
LOAD objs/cpu/br23/audio_mic/vollevel_detect.c.o
LOAD objs/cpu/br23/charge.c.o
LOAD objs/cpu/br23/chargebox_hw.c.o
LOAD objs/cpu/br23/chargestore.c.o
LOAD objs/cpu/br23/clock_manager.c.o
LOAD objs/cpu/br23/ctmu.c.o
LOAD objs/cpu/br23/iic_eeprom_test.c.o
LOAD objs/cpu/br23/iic_hw.c.o
LOAD objs/cpu/br23/iic_slave_test.c.o
LOAD objs/cpu/br23/iic_soft.c.o
LOAD objs/cpu/br23/irflt.c.o
LOAD objs/cpu/br23/led_spi.c.o
LOAD objs/cpu/br23/ledc_test.c.o
LOAD objs/cpu/br23/localtws/localtws.c.o
LOAD objs/cpu/br23/localtws/localtws_dec.c.o
LOAD objs/cpu/br23/mcpwm.c.o
LOAD objs/cpu/br23/overlay_code.c.o
LOAD objs/cpu/br23/plcnt.c.o
LOAD objs/cpu/br23/port_wkup.c.o
LOAD objs/cpu/br23/pwm_led.c.o
LOAD objs/cpu/br23/setup.c.o
LOAD objs/cpu/br23/spi.c.o
LOAD objs/cpu/br23/spi_test.c.o
LOAD objs/cpu/br23/uart_bt_product.c.o
LOAD objs/cpu/br23/uart_dev.c.o
LOAD objs/cpu/br23/uart_test.c.o
LOAD objs/cpu/br23/ui_driver/LED_1888/LED1888.c.o
LOAD objs/cpu/br23/ui_driver/interface/ui_platform.c.o
LOAD objs/cpu/br23/ui_driver/lcd_seg/lcd_seg3x9_driver.c.o
LOAD objs/cpu/br23/ui_driver/lcd_spi/lcd_drive.c.o
LOAD objs/cpu/br23/ui_driver/lcd_spi/spi_lcd_st7735s.c.o
LOAD objs/cpu/br23/ui_driver/lcd_spi/spi_lcd_st7789v.c.o
LOAD objs/cpu/br23/ui_driver/lcd_spi/spi_lcd_st7789vw.c.o
LOAD objs/cpu/br23/ui_driver/lcd_spi/spi_oled.c.o
LOAD objs/cpu/br23/ui_driver/led7/led7_driver.c.o
LOAD objs/cpu/br23/ui_driver/ui_common.c.o
LOAD objs/apps/user_apps/hardware/delay.c.o
LOAD objs/apps/user_apps/dmx512.c.o
LOAD objs/apps/user_apps/hardware/hardware_pwm_led.c.o
LOAD objs/apps/user_apps/rf_decode.c.o
LOAD objs/apps/user_apps/rf_keyhandle.c.o
LOAD objs/apps/user_apps/hardware/users_seg.c.o
LOAD objs/apps/soundbox/sdk_version.z.S.o
START GROUP
LOAD include_lib/liba/br23/cpu.a
LOAD include_lib/liba/br23/system.a
LOAD include_lib/liba/br23/aec.a
LOAD include_lib/liba/br23/media.a
LOAD include_lib/liba/br23/media_app.a
LOAD include_lib/liba/br23/libAptFilt_pi32v2_OnChip.a
LOAD include_lib/liba/br23/libEchoSuppress_pi32v2_OnChip.a
LOAD include_lib/liba/br23/libNoiseSuppress_pi32v2_OnChip.a
LOAD include_lib/liba/br23/libSplittingFilter_pi32v2_OnChip.a
LOAD include_lib/liba/br23/libDelayEstimate_pi32v2_OnChip.a
LOAD include_lib/liba/br23/libSingleMicSystem_pi32v2_OnChip.a
LOAD include_lib/liba/br23/libSMS_TDE_pi32v2_OnChip.a
LOAD include_lib/liba/br23/lib_esco_repair.a
LOAD include_lib/liba/br23/mp3_dec_lib.a
LOAD include_lib/liba/br23/mp3tsy_dec_lib.a
LOAD include_lib/liba/br23/wma_dec_lib.a
LOAD include_lib/liba/br23/wtg_dec_lib.a
LOAD include_lib/liba/br23/wtgv2_dec_lib.a
LOAD include_lib/liba/br23/wav_dec_lib.a
LOAD include_lib/liba/br23/flac_dec_lib.a
LOAD include_lib/liba/br23/ape_dec_lib.a
LOAD include_lib/liba/br23/m4a_tws_lib.a
LOAD include_lib/liba/br23/amr_dec_lib.a
LOAD include_lib/liba/br23/dts_dec_lib.a
LOAD include_lib/liba/br23/mp3_decstream_lib.a
LOAD include_lib/liba/br23/wma_decstream_lib.a
LOAD include_lib/liba/br23/sbc_eng_lib.a
LOAD include_lib/liba/br23/compressor.a
LOAD include_lib/liba/br23/crossover_coff.a
LOAD include_lib/liba/br23/limiter.a
LOAD include_lib/liba/br23/lib_mp2_code.a
LOAD include_lib/liba/br23/lib_adpcm_code.a
LOAD include_lib/liba/br23/mp3_enc_lib.a
LOAD include_lib/liba/br23/opus_enc_lib.a
LOAD include_lib/liba/br23/speex_enc_lib.a
LOAD include_lib/liba/br23/lib_pitch_speed.a
LOAD include_lib/liba/br23/lib_reverb_cal.a
LOAD include_lib/liba/br23/lib_rmono2stereo.a
LOAD include_lib/liba/br23/bfilterfun_lib.a
LOAD include_lib/liba/br23/libFFT_pi32v2_OnChip.a
LOAD include_lib/liba/br23/libOpcore_maskrom_pi32v2_OnChip.a
LOAD include_lib/liba/br23/lib_resample_cal.a
LOAD include_lib/liba/br23/lib_resample_fast_cal.a
LOAD include_lib/liba/br23/crypto_toolbox_Ospeed.a
LOAD include_lib/liba/br23/lib_g726_decode.a
LOAD include_lib/liba/br23/lib_g726_code.a
LOAD include_lib/liba/br23/limiter_noiseGate.a
LOAD include_lib/liba/br23/howling.a
LOAD include_lib/liba/br23/noisegate.a
LOAD include_lib/liba/br23/shiftPhase.a
LOAD include_lib/liba/br23/pemafrow.a
LOAD include_lib/liba/br23/lib_howlings_phf.a
LOAD include_lib/liba/br23/math.a
LOAD include_lib/liba/br23/bt_hash_enc.a
LOAD include_lib/liba/br23/filtparam_cal_lib.a
LOAD include_lib/liba/br23/agreement.a
LOAD include_lib/liba/br23/lib_sur_cal.a
LOAD include_lib/liba/br23/loudness.a
LOAD include_lib/liba/br23/rcsp_stack.a
LOAD include_lib/liba/br23/lib_usbaudio_plc.a
LOAD include_lib/liba/br23/coeff_calculate.a
LOAD include_lib/liba/br23/rms.a
LOAD include_lib/liba/br23/SpectrumShow.a
LOAD include_lib/liba/br23/gma_stack.a
LOAD include_lib/liba/br23/dueros_stack.a
LOAD include_lib/liba/br23/tme_stack.a
LOAD include_lib/liba/br23/lib_adpcm_ima_code.a
LOAD include_lib/liba/br23/lib_midi_dec.a
LOAD include_lib/liba/br23/lib_word_ana.a
LOAD include_lib/liba/br23/drc.a
LOAD include_lib/liba/br23/DynamicEQ.a
LOAD include_lib/liba/br23/lib_voiceChager.a
LOAD include_lib/liba/br23/VirtualBass.a
LOAD apps/common/third_party_profile/tuya_protocol/sdk/lib/libtuya_lib.a
LOAD include_lib/liba/br23/lib_dns.a
LOAD include_lib/liba/br23/btstack.a
LOAD include_lib/liba/br23/btctrler.a
END GROUP
LOAD include_lib/liba/br23/update.a
LOAD include_lib/liba/br23/res.a
LOAD include_lib/liba/br23/ui_dot.a
LOAD include_lib/liba/br23/ui_s.a
LOAD include_lib/liba/br23/font.a
                0x0002c000                RAM1_LIMIT_L = 0x2c000
                0x00030000                RAM1_LIMIT_H = 0x30000
                0x00000080                UPDATA_SIZE = 0x80
                0x0002ff80                UPDATA_BEG = (RAM1_LIMIT_H - UPDATA_SIZE)
                0x0002c000                RAM1_BEGIN = RAM1_LIMIT_L
                0x0002ff80                RAM1_END = (RAM1_LIMIT_H - UPDATA_SIZE)
                0x00003f80                RAM1_SIZE = (RAM1_END - RAM1_BEGIN)
                0x00000000                RAM_LIMIT_L = 0x0
                0x0002c000                RAM_LIMIT_H = 0x2c000
                0x00000100                ISR_SIZE = 0x100
                0x0002bf00                ISR_BASE = (RAM_LIMIT_H - ISR_SIZE)
                0x00000000                RAM_BEGIN = RAM_LIMIT_L
                0x0002bf00                RAM_END = (RAM_LIMIT_H - ISR_SIZE)
                0x0002bf00                RAM_SIZE = (RAM_END - RAM_BEGIN)
                0x00001400                BANK_SIZE = 0x1400
                0x00800000                PSRAM_BEG = 0x800000
                0x00200000                PSRAM_SIZE = 0x200000
                0x01e000c0                CODE_BEG = 0x1e000c0
                0x000f9000                UPDATA_BREDR_BASE_BEG = 0xf9000
                0x00000003                MIC_EFFECT_EQ_SECTION = 0x3
                0x0000000d                EQ_SECTION_NUM = (0xa + MIC_EFFECT_EQ_SECTION)
                0x001127a4                memmem = 0x1127a4
                0x001127a8                memcpy = 0x1127a8
                0x001127ac                memmove = 0x1127ac
                0x001127b0                memcmp = 0x1127b0
                0x001127b4                memset = 0x1127b4
                0x001127b8                strcmp = 0x1127b8
                0x001127bc                strcpy = 0x1127bc
                0x001127c0                strlen = 0x1127c0
                0x001127c4                strncmp = 0x1127c4
                0x001127c8                strstr = 0x1127c8
                0x001127cc                flush_dcache = 0x1127cc
                0x001127d0                flushinv_dcache = 0x1127d0
                0x001127d4                sfc_suspend = 0x1127d4
                0x001127d8                sfc_resume = 0x1127d8
                0x001127e0                chip_crc16 = 0x1127e0
                0x001127f0                nvram_set_boot_state = 0x1127f0
                0x0002bf00                _IRQ_MEM_ADDR = 0x2bf00
                0x0002bdc0                _MASK_MEM_BEGIN = 0x2bdc0
                0x0000012c                _MASK_MEM_SIZE = 0x12c
                0x00800000                . = ORIGIN (psram)

.psram_text     0x00800000        0x0

.psram
                0x01e00100                . = ORIGIN (code0)

.text           0x01e00100    0x4c340
                0x01e00100                text_code_begin = .
                [!provide]                PROVIDE (text_rodata_begin, .)
 *(.startup.text)
 .startup.text  0x01e00100       0x9a include_lib/liba/br23/cpu.a(startup.S.o)
                0x01e00100                _start
                0x01e0019a                bank_stub_start = .
 *(.bank.stub.*)
                0x00000000                bank_stub_size = (. - bank_stub_start)
 *(.aac_const)
 *(.aac_code)
 *(.alac_const)
 *(.alac_code)
 *(.alac_dec_code)
 *(.bt_aac_dec_eng_const)
 *(.bt_aac_dec_eng_code)
 *(.bt_aac_dec_core_code)
 *(.bt_aac_dec_core_sparse_code)
 *(.dts_dec_const)
 *(.gpio_ram)
 *fill*         0x01e0019a        0x2 
 .gpio_ram      0x01e0019c      0x488 cpu/br23/tools/sdk.elf.o
 *(.LED_code)
 .LED_code      0x01e00624      0x636 cpu/br23/tools/sdk.elf.o
 *(.LED_const)
 *fill*         0x01e00c5a        0x2 
 .LED_const     0x01e00c5c       0xb8 cpu/br23/tools/sdk.elf.o
                0x01e00d14                . = ALIGN (0x4)
 *(.usr_timer_const)
 *(.usr_timer_code)
 .usr_timer_code
                0x01e00d14      0x368 cpu/br23/tools/sdk.elf.o
 *(.timer_const)
 *(.timer_code)
 *(.cbuf_const)
 *(.cbuf_code)
 .cbuf_code     0x01e0107c      0x1b2 cpu/br23/tools/sdk.elf.o
 *(.fm_data_code)
 *(.fm_data_const)
                0x01e01230                . = ALIGN (0x4)
 *fill*         0x01e0122e        0x2 
 *(.cvsd_const)
 *(.cvsd_code)
                0x01e01230                . = ALIGN (0x4)
                0x01e01230                gsensor_dev_begin = .
 *(.gsensor_dev)
                0x01e01230                gsensor_dev_end = .
                0x01e01230                . = ALIGN (0x4)
                0x01e01230                hrsensor_dev_begin = .
 *(.hrsensor_dev)
                0x01e01230                hrsensor_dev_end = .
                0x01e01230                . = ALIGN (0x4)
                0x01e01230                fm_dev_begin = .
 *(.fm_dev)
                0x01e01230                fm_dev_end = .
                0x01e01230                . = ALIGN (0x4)
                0x01e01230                fm_emitter_dev_begin = .
 *(.fm_emitter_dev)
                0x01e01230                fm_emitter_dev_end = .
                0x01e01230                . = ALIGN (0x4)
                0x01e01230                tool_interface_begin = .
 *(.tool_interface)
 .tool_interface
                0x01e01230        0x8 cpu/br23/tools/sdk.elf.o
                0x01e01230                eff_adj_target
                0x01e01238                tool_interface_end = .
                0x01e01238                . = ALIGN (0x4)
                0x01e01238                cmd_interface_begin = .
 *(.eff_cmd)
 .eff_cmd       0x01e01238      0x190 cpu/br23/tools/sdk.elf.o
                0x01e01238                an_Eq
                0x01e01240                an_drc
                0x01e01248                aw_Eq
                0x01e01250                aw_drc
                0x01e01258                change_mode
                0x01e01260                dyeq
                0x01e01268                echo
                0x01e01270                file_p
                0x01e01278                file_s
                0x01e01280                howling_ps
                0x01e01288                inquire
                0x01e01290                linein_drc
                0x01e01298                linein_eq
                0x01e012a0                linein_g
                0x01e012a8                lowpass_p
                0x01e012b0                m_cross
                0x01e012b8                m_whole_drc
                0x01e012c0                mh_drc
                0x01e012c8                micDrc0
                0x01e012d0                micDrc1
                0x01e012d8                micDrc2
                0x01e012e0                micDrc3
                0x01e012e8                micDrc4
                0x01e012f0                micEq0
                0x01e012f8                micEq1
                0x01e01300                micEq2
                0x01e01308                micEq3
                0x01e01310                micEq4
                0x01e01318                mic_g
                0x01e01320                mic_voice_changer
                0x01e01328                ml_drc
                0x01e01330                mm_drc
                0x01e01338                music_eq
                0x01e01340                music_eq2
                0x01e01348                music_g
                0x01e01350                music_hbass_eq
                0x01e01358                music_rl_g
                0x01e01360                noisegate
                0x01e01368                notch_howling
                0x01e01370                p_reverb
                0x01e01378                ph_Eq
                0x01e01380                ph_drc
                0x01e01388                pn_Eq
                0x01e01390                pw_drc
                0x01e01398                resync_begin
                0x01e013a0                resync_end
                0x01e013a8                rl_drc_p
                0x01e013b0                vbass_h
                0x01e013b8                vbass_prev_g
                0x01e013c0                version
                0x01e013c8                cmd_interface_end = .
                0x01e013c8                . = ALIGN (0x4)
                0x01e013c8                chargeIc_dev_begin = .
 *(.chargeIc_dev)
                0x01e013c8                chargeIc_dev_end = .
                0x01e013c8                . = ALIGN (0x4)
 *(.opcore_table_maskrom)
 *(.bfilt_table_maskroom)
 *(.opcore_maskrom)
 .opcore_maskrom
                0x01e013c8      0x2e2 cpu/br23/tools/sdk.elf.o
 *(.bfilt_code)
 *(.bfilt_const)
                0x01e016ac                . = ALIGN (0x4)
 *fill*         0x01e016aa        0x2 
                0x01e016ac                btctler_code_start = .
                0x01e016ac                BTCTLER_CONTROLLER_CODE_START = .
 *(.bt_rf_const)
 .bt_rf_const   0x01e016ac      0x411 cpu/br23/tools/sdk.elf.o
 *(.bt_rf_code)
 *fill*         0x01e01abd        0x1 
 .bt_rf_code    0x01e01abe     0x178c cpu/br23/tools/sdk.elf.o
 *(.vendor_manager_const)
 *(.vendor_manager_code)
 *(.device_manager_const)
 *(.device_manager_code)
 *(.hci_controller_const)
 *fill*         0x01e0324a        0x2 
 .hci_controller_const
                0x01e0324c       0x28 cpu/br23/tools/sdk.elf.o
 *(.hci_controller_code)
 .hci_controller_code
                0x01e03274      0x832 cpu/br23/tools/sdk.elf.o
 *(.hci_interface_const)
 *(.hci_interface_code)
                0x000023fa                BTCTLER_CONTROLLER_CODE_SIZE = ABSOLUTE ((. - BTCTLER_CONTROLLER_CODE_START))
                0x01e03aa6                BTCTLER_LE_CONTROLLER_CODE_START = .
 *(.ble_rf_const)
 *fill*         0x01e03aa6        0x2 
 .ble_rf_const  0x01e03aa8       0x24 cpu/br23/tools/sdk.elf.o
 *(.ble_rf_code)
 .ble_rf_code   0x01e03acc     0x19be cpu/br23/tools/sdk.elf.o
 *(.ble_ll_const)
 *fill*         0x01e0548a        0x2 
 .ble_ll_const  0x01e0548c       0x20 cpu/br23/tools/sdk.elf.o
 *(.ble_ll_code)
 .ble_ll_code   0x01e054ac      0xdca cpu/br23/tools/sdk.elf.o
 *(.ble_hci_const)
 *(.ble_hci_code)
 .ble_hci_code  0x01e06276      0x21c cpu/br23/tools/sdk.elf.o
                0x000029ec                BTCTLER_LE_CONTROLLER_CODE_SIZE = ABSOLUTE ((. - BTCTLER_LE_CONTROLLER_CODE_START))
                0x01e06492                BTCTLER_CL_CODE_START = .
 *(.bredr_irq)
 *(.bredr_irq_code)
 *(.bredr_irq_const)
 *(.classic_lmp_const)
 .classic_lmp_const
                0x01e06492       0x14 cpu/br23/tools/sdk.elf.o
 *(.classic_lmp_linkbulk_const)
 *(.classic_lmp_code)
 .classic_lmp_code
                0x01e064a6     0x6426 cpu/br23/tools/sdk.elf.o
 *(.classic_lmp_linkbulk_code)
 *(.classic_hci_const)
 *(.classic_hci_code)
                0x01e0c8cc                LMP_ENC_CODE_START = .
 *(.classic_lmp_auth_const)
 .classic_lmp_auth_const
                0x01e0c8cc      0x4f0 cpu/br23/tools/sdk.elf.o
 *(.classic_lmp_bigint_const)
 *(.classic_lmp_crypt_const)
 *(.classic_lmp_ecdh_const)
 *(.classic_lmp_hmac_const)
 *(.classic_lmp_auth_code)
 .classic_lmp_auth_code
                0x01e0cdbc      0x650 cpu/br23/tools/sdk.elf.o
 *(.classic_lmp_bigint_code)
 *(.classic_lmp_crypt_code)
 *(.classic_lmp_ecdh_code)
 *(.classic_lmp_hmac_code)
                0x00000b40                LMP_ENC_CODE_SIZE = ABSOLUTE ((. - LMP_ENC_CODE_START))
 *(.classic_rf_const)
 .classic_rf_const
                0x01e0d40c      0x73d cpu/br23/tools/sdk.elf.o
 *(.classic_rf_code)
 *fill*         0x01e0db49        0x1 
 .classic_rf_code
                0x01e0db4a     0x54ac cpu/br23/tools/sdk.elf.o
 *(.classic_bb_const)
 *(.classic_bb_code)
                0x0000cb64                BTCTLER_CL_CODE_SIZE = ABSOLUTE ((. - BTCTLER_CL_CODE_START))
                0x01e12ff8                . = ALIGN (0x4)
 *fill*         0x01e12ff6        0x2 
 *(.classic_tws_const)
 *(.classic_tws_code)
 .classic_tws_code
                0x01e12ff8       0xcc cpu/br23/tools/sdk.elf.o
 *(.classic_tws_code.esco)
 *(.tws_media_sync_code)
 *(.tws_media_sync_const)
 *(.tws_data_forward_code)
 *(.tws_data_forward_const)
                0x01e130c4                . = ALIGN (0x4)
                0x01e130c4                tws_func_stub_begin = .
 *(.tws_func_stub)
 .tws_func_stub
                0x01e130c4        0x8 cpu/br23/tools/sdk.elf.o
                0x01e130cc                tws_func_stub_end = .
 *(.lmp_irq_code)
 .lmp_irq_code  0x01e130cc      0x182 cpu/br23/tools/sdk.elf.o
 *(.link_bulk_code)
 .link_bulk_code
                0x01e1324e      0x438 cpu/br23/tools/sdk.elf.o
 *(.frame_irq_code)
                0x01e13688                . = ALIGN (0x4)
 *fill*         0x01e13686        0x2 
 *(.link_task_const)
 .link_task_const
                0x01e13688        0x8 cpu/br23/tools/sdk.elf.o
 *(.link_task_code)
 .link_task_code
                0x01e13690      0x750 cpu/br23/tools/sdk.elf.o
                0x01e13de0                . = ALIGN (0x4)
 *(.classic_irq_const)
 *(.classic_irq_code)
                0x01e13de0                . = ALIGN (0x4)
 *(.tws_irq_code)
                0x01e13de0                . = ALIGN (0x4)
                0x01e13de0                tws_sync_call_begin = .
 *(.tws_sync_call)
 .tws_sync_call
                0x01e13de0       0x18 cpu/br23/tools/sdk.elf.o
                0x01e13df8                tws_sync_call_end = .
                0x01e13df8                . = ALIGN (0x4)
                0x01e13df8                tws_sync_channel_begin = .
 *(.tws_sync_channel.0)
 *(.tws_sync_channel.1)
 *(.tws_sync_channel.2)
 *(.tws_sync_channel.3)
 *(.tws_sync_channel.4)
 *(.tws_sync_channel.5)
 *(.tws_sync_channel.6)
 *(.tws_sync_channel.7)
 *(.tws_sync_channel.8)
 *(.tws_sync_channel.9)
 *(.tws_sync_channel.10)
 *(.tws_sync_channel.11)
 *(.tws_sync_channel.12)
 *(.tws_sync_channel.13)
                0x01e13df8                tws_sync_channel_end = .
                0x01e13df8                btctler_code_end = .
                0x01e13df8                . = ALIGN (0x4)
                0x01e13df8                . = ALIGN (0x4)
                0x01e13df8                btstack_code_start = .
                0x01e13df8                . = ALIGN (0x4)
                0x01e13df8                a2dp_source_media_codec_begin = .
 *(.a2dp_source_media_codec)
 .a2dp_source_media_codec
                0x01e13df8       0x18 cpu/br23/tools/sdk.elf.o
                0x01e13df8                a2dp_source_codec
                0x01e13e10                a2dp_source_media_codec_end = .
                0x01e13e10                a2dp_sink_media_probe_begin = .
 *(.a2dp_sink_media_probe)
                0x01e13e10                a2dp_sink_media_probe_end = .
                0x01e13e10                a2dp_sink_media_codec_begin = .
 *(.a2dp_sink_media_codec)
 .a2dp_sink_media_codec
                0x01e13e10       0x30 cpu/br23/tools/sdk.elf.o
                0x01e13e10                a2dp_1sbc_codec_private
                0x01e13e28                a2dp_2aac_sink_codec
                0x01e13e40                a2dp_sink_media_codec_end = .
                0x01e13e40                a2dp_event_handler_begin = .
 *(.a2dp_event_handler)
 .a2dp_event_handler
                0x01e13e40       0x70 cpu/br23/tools/sdk.elf.o
                0x01e13e40                a2dp_sink_event_handler
                0x01e13e5c                a2dp_source_event_handler
                0x01e13e78                acp_a2dp_event_handler
                0x01e13e94                acp_a2dp_src_event_handler
                0x01e13eb0                a2dp_event_handler_end = .
                0x01e13eb0                sdp_record_item_begin = .
 *(.sdp_record_item)
 .sdp_record_item
                0x01e13eb0       0x24 cpu/br23/tools/sdk.elf.o
                0x01e13eb0                a2dp_sdp_record_item
                0x01e13ebc                arp_ct_sdp_record_item
                0x01e13ec8                arp_ta_sdp_record_item
                0x01e13ed4                sdp_record_item_end = .
                0x01e13ed4                bt_sleep_begin = .
 *(.bt_sleep)
 .bt_sleep      0x01e13ed4       0x6c cpu/br23/tools/sdk.elf.o
                0x01e13ed4                bt_suspend_a2dp_resumea2dp_release
                0x01e13ee0                bt_suspend_avctp_resumeavctp_release
                0x01e13eec                bt_suspend_hfp_resumehfp_release
                0x01e13ef8                bt_suspend_user_cmd_loop_resumeuser_cmd_loop_release
                0x01e13f04                bt_suspend_hid_resumehid_release
                0x01e13f10                bt_suspend_spp_resumespp_release
                0x01e13f1c                bt_suspend_spp_up_resumespp_up_release
                0x01e13f28                bt_suspend_iap_resumeiap_release
                0x01e13f34                bt_suspend_sdp_resumesdp_release
                0x01e13f40                bt_sleep_end = .
 *(.bt_stack_const)
 .bt_stack_const
                0x01e13f40      0x238 cpu/br23/tools/sdk.elf.o
 *(.bt_stack_code)
 .bt_stack_code
                0x01e14178     0x7dda cpu/br23/tools/sdk.elf.o
 *(.ble_db_const)
 *(.ble_db_code)
 *(.ble_sm_const)
 *(.ble_sm_code)
 *(.ble_att_const)
 *(.ble_att_code)
 *(.ble_gatt_const)
 *(.ble_gatt_code)
 .ble_gatt_code
                0x01e1bf52        0x2 cpu/br23/tools/sdk.elf.o
                0x01e1bf54                BTSTACK_LE_HOST_MESH_CODE_START = .
 *(.ble_mesh_code)
 *(.ble_mesh_tinycrypt_code)
 *(.ble_mesh_const)
 *(.ble_mesh_tinycrypt_const)
                0x00000000                BTSTACK_LE_HOST_MESH_CODE_SIZE = ABSOLUTE ((. - BTSTACK_LE_HOST_MESH_CODE_START))
                0x01e1bf54                btstack_code_end = .
                0x01e1bf54                . = ALIGN (0x4)
                0x0000815c                BTSTACK_CODE_TOTAL_SIZE = (btstack_code_end - btstack_code_start)
                0x01e1bf54                . = ALIGN (0x4)
                0x01e1bf54                . = ALIGN (0x4)
                0x01e1bf54                system_text_start = .
                0x01e1bf54                _device_node_begin = .
                0x01e1bf54                PROVIDE (device_node_begin, .)
 *(.device)
 .device        0x01e1bf54        0x0 cpu/br23/tools/sdk.elf.o
                0x01e1bf54                device_table
                0x01e1bf54                _device_node_end = .
                0x01e1bf54                PROVIDE (device_node_end, .)
                0x01e1bf54                config_target_begin = .
                [!provide]                PROVIDE (config_target_begin, .)
 *(.config_target)
                0x01e1bf54                config_target_end = .
                [!provide]                PROVIDE (config_target_end, .)
                0x01e1bf54                system_code_begin = .
 *(.system.*.text)
 .system.fs.text
                0x01e1bf54     0x6ebc cpu/br23/tools/sdk.elf.o
 .system.device.text
                0x01e22e10       0xdc cpu/br23/tools/sdk.elf.o
 .system.lbuf.text
                0x01e22eec      0x5b6 cpu/br23/tools/sdk.elf.o
 .system.printf.text
                0x01e234a2      0x85a cpu/br23/tools/sdk.elf.o
 .system.cpu.text
                0x01e23cfc       0xfc cpu/br23/tools/sdk.elf.o
 .system.cbuf.text
                0x01e23df8        0xe cpu/br23/tools/sdk.elf.o
 .system.event.text
                0x01e23e06      0x370 cpu/br23/tools/sdk.elf.o
 .system.timer.text
                0x01e24176      0x37a cpu/br23/tools/sdk.elf.o
 .system.task.text
                0x01e244f0       0x4e cpu/br23/tools/sdk.elf.o
 .system.cfg_tool.text
                0x01e2453e      0x6dc cpu/br23/tools/sdk.elf.o
 .system.ascii.text
                0x01e24c1a      0x102 cpu/br23/tools/sdk.elf.o
 .system.app_core.text
                0x01e24d1c      0x144 cpu/br23/tools/sdk.elf.o
 .system.init.text
                0x01e24e60       0x2a cpu/br23/tools/sdk.elf.o
                0x01e24e60                boot_info_init
                0x01e24e8a                system_code_end = .
                0x01e24e8c                . = ALIGN (0x4)
 *fill*         0x01e24e8a        0x2 
                0x00008f36                system_code_size = (system_code_end - system_code_begin)
                0x01e24e8c                vfs_ops_begin = .
 *(.vfs_operations)
 .vfs_operations
                0x01e24e8c       0xe8 cpu/br23/tools/sdk.elf.o
                0x01e24e8c                sdfile_vfs_ops
                0x01e24f00                fat_vfs_ops
                0x01e24f74                vfs_ops_end = .
                0x01e24f74                _lib_version_begin = .
                [!provide]                PROVIDE (lib_version_begin, .)
 *(.lib_version)
 .lib_version   0x01e24f74        0xc cpu/br23/tools/sdk.elf.o
                0x01e24f74                __version_sdfile
                0x01e24f78                __version_fs
                0x01e24f7c                __version_fatfs
                0x01e24f80                _lib_version_end = .
                [!provide]                PROVIDE (lib_version_end, .)
                0x01e24f80                _initcall_begin = .
                0x01e24f80                PROVIDE (initcall_begin, .)
 *(.initcall)
 .initcall      0x01e24f80       0x10 cpu/br23/tools/sdk.elf.o
                0x01e24f80                __initcall_app_update_init
                0x01e24f84                __initcall_timer2_init
                0x01e24f88                __initcall_eff_init
                0x01e24f8c                __initcall_audio_gain_init
                0x01e24f90                _initcall_end = .
                0x01e24f90                PROVIDE (initcall_end, .)
                0x01e24f90                _early_initcall_begin = .
                0x01e24f90                PROVIDE (early_initcall_begin, .)
 *(.early.initcall)
 .early.initcall
                0x01e24f90        0xc cpu/br23/tools/sdk.elf.o
                0x01e24f90                __initcall_board_power_wakeup_init
                0x01e24f94                __initcall_sys_event_init
                0x01e24f98                __initcall_sdfile_init
                0x01e24f9c                _early_initcall_end = .
                0x01e24f9c                PROVIDE (early_initcall_end, .)
                0x01e24f9c                _late_initcall_begin = .
                0x01e24f9c                PROVIDE (late_initcall_begin, .)
 *(.late.initcall)
 .late.initcall
                0x01e24f9c        0x4 cpu/br23/tools/sdk.elf.o
                0x01e24f9c                __initcall_sdk_meky_check
                0x01e24fa0                _late_initcall_end = .
                0x01e24fa0                PROVIDE (late_initcall_end, .)
                0x01e24fa0                _platform_initcall_begin = .
                0x01e24fa0                PROVIDE (platform_initcall_begin, .)
 *(.platform.initcall)
 .platform.initcall
                0x01e24fa0        0x4 cpu/br23/tools/sdk.elf.o
                0x01e24fa0                __initcall_syscfg_tools_init
                0x01e24fa4                _platform_initcall_end = .
                0x01e24fa4                PROVIDE (platform_initcall_end, .)
                0x01e24fa4                _module_initcall_begin = .
                0x01e24fa4                PROVIDE (module_initcall_begin, .)
 *(.module.initcall)
 .module.initcall
                0x01e24fa4        0x4 cpu/br23/tools/sdk.elf.o
                0x01e24fa4                __initcall_rf_decode_task_init
                0x01e24fa8                _module_initcall_end = .
                0x01e24fa8                PROVIDE (module_initcall_end, .)
                0x01e24fa8                _sys_event_handler_begin = .
                0x01e24fa8                PROVIDE (sys_event_handler_begin, .)
 *(.sys_event.4.handler)
 .sys_event.4.handler
                0x01e24fa8        0x8 cpu/br23/tools/sdk.elf.o
                0x01e24fa8                __event_handler_tws_key_event_handler
 *(.sys_event.3.handler)
 .sys_event.3.handler
                0x01e24fb0        0x8 cpu/br23/tools/sdk.elf.o
                0x01e24fb0                __event_handler_app_key_event_remap
 *(.sys_event.2.handler)
 .sys_event.2.handler
                0x01e24fb8        0x8 cpu/br23/tools/sdk.elf.o
                0x01e24fb8                __event_handler_uart_module_event_handler
 *(.sys_event.1.handler)
 *(.sys_event.0.handler)
 .sys_event.0.handler
                0x01e24fc0        0x8 cpu/br23/tools/sdk.elf.o
                0x01e24fc0                __event_handler_app_sys_event_probe_handler
                0x01e24fc8                _sys_event_handler_end = .
                0x01e24fc8                PROVIDE (sys_event_handler_end, .)
                0x01e24fc8                _syscfg_arg_begin = .
                [!provide]                PROVIDE (syscfg_arg_begin, .)
 *(.syscfg.arg)
                0x01e24fc8                _syscfg_arg_end = .
                [!provide]                PROVIDE (syscfg_arg_end, .)
                0x01e24fc8                _syscfg_handler_begin = .
                [!provide]                PROVIDE (syscfg_handler_begin, .)
 *(.syscfg.handler)
                0x01e24fc8                _syscfg_handler_end = .
                [!provide]                PROVIDE (syscfg_handler_end, .)
                0x01e24fc8                _syscfg_ops_begin = .
                0x01e24fc8                PROVIDE (syscfg_ops_begin, .)
 *(.syscfg.2.ops)
 .syscfg.2.ops  0x01e24fc8       0x1c cpu/br23/tools/sdk.elf.o
                0x01e24fc8                cfg_btif
 *(.syscfg.1.ops)
 .syscfg.1.ops  0x01e24fe4       0x1c cpu/br23/tools/sdk.elf.o
                0x01e24fe4                cfg_vm
 *(.syscfg.0.ops)
 .syscfg.0.ops  0x01e25000       0x1c cpu/br23/tools/sdk.elf.o
                0x01e25000                cfg_bin
                0x01e2501c                _syscfg_ops_end = .
                0x01e2501c                PROVIDE (syscfg_ops_end, .)
                0x01e2501c                _server_info_begin = .
                [!provide]                PROVIDE (server_info_begin, .)
 *(.server_info)
                0x01e2501c                _server_info_end = .
                [!provide]                PROVIDE (server_info_end, .)
                0x01e2501c                _bus_device_begin = .
                [!provide]                PROVIDE (bus_device_begin, .)
 *(.bus_device)
                0x01e2501c                _bus_device_end = .
                [!provide]                PROVIDE (bus_device_end, .)
                0x01e2501c                _sys_power_hal_ops_begin = .
                [!provide]                PROVIDE (sys_power_hal_ops_begin, .)
 *(.sys_power_hal_ops)
                0x01e2501c                _sys_power_hal_ops_end = .
                [!provide]                PROVIDE (sys_power_hal_ops_end, .)
                0x01e2501c                . = ALIGN (0x4)
                0x01e2501c                lp_target_begin = .
                [!provide]                PROVIDE (lp_target_begin, .)
 *(.lp_target)
 .lp_target     0x01e2501c       0x60 cpu/br23/tools/sdk.elf.o
                0x01e2501c                key_lp_target
                0x01e25024                ota_lp_target
                0x01e2502c                phone_incom_lp_target
                0x01e25034                audio_mc_device_lp_target
                0x01e2503c                audio_dec_init_lp_target
                0x01e25044                bt_dec_lp_target
                0x01e2504c                tone_dec_lp_target
                0x01e25054                effect_adj_lp_target
                0x01e2505c                audio_adc_demo
                0x01e25064                mic_demo_lp_target
                0x01e2506c                usr_systimer_lp_target
                0x01e25074                btstack_lowpower_target
                0x01e2507c                lp_target_end = .
                [!provide]                PROVIDE (lp_target_end, .)
                0x01e2507c                . = ALIGN (0x4)
                0x01e2507c                deepsleep_target_begin = .
                [!provide]                PROVIDE (deepsleep_target_begin, .)
 *(.deepsleep_target)
                0x01e2507c                deepsleep_target_end = .
                [!provide]                PROVIDE (deepsleep_target_end, .)
                0x01e2507c                crypto_begin = .
 *(.crypto_ecdh_code)
 *(.crypto_ecdh_const)
 *(.crypto_bigint_code)
 .crypto_bigint_code
                0x01e2507c      0x5ea cpu/br23/tools/sdk.elf.o
 *(.crypto_bigint_const)
 *(.crypto_code)
 .crypto_code   0x01e25666      0x594 cpu/br23/tools/sdk.elf.o
 *(.crypto_const)
 *fill*         0x01e25bfa        0x2 
 .crypto_const  0x01e25bfc      0x171 cpu/br23/tools/sdk.elf.o
 *(.ECDH_sample_code)
 *(.ECDH_sample_const)
 *(.uECC_code)
 *fill*         0x01e25d6d        0x1 
 .uECC_code     0x01e25d6e     0x1f1e cpu/br23/tools/sdk.elf.o
 *(.uECC_const)
 .uECC_const    0x01e27c8c       0xb0 cpu/br23/tools/sdk.elf.o
 *(.hmac_code)
 .hmac_code     0x01e27d3c      0x356 cpu/br23/tools/sdk.elf.o
 *(.hmac_const)
 *(.hash_sample_code)
 *(.hash_sample_const)
 *(.aes_cmac_sample_code)
 *(.aes_cmac_sample_const)
                0x01e28092                crypto_end = .
                0x00003016                crypto_size = (. - crypto_begin)
 *(.mem_code)
 .mem_code      0x01e28092      0x50a cpu/br23/tools/sdk.elf.o
 *(.mem_const)
 *(.os_port_code)
 .os_port_code  0x01e2859c      0x94c cpu/br23/tools/sdk.elf.o
 *(.os_port_const)
 .os_port_const
                0x01e28ee8       0x24 cpu/br23/tools/sdk.elf.o
                0x01e28f0c                __movable_function_start = .
 *(movable.text.*)
 *(movable.stub.*)
 *(movable.region.*)
                0x01e28f0c                __movable_function_end = .
                0x00000000                __movable_function_size = (__movable_function_end - __movable_function_start)
                0x01e28f0c                system_text_end = .
                0x0000cfb8                system_code_total_size = (system_text_end - system_text_start)
                0x01e28f0c                . = ALIGN (0x4)
                0x01e28f0c                lcd_interface_begin = .
 *(.lcd_if_info)
                0x01e28f0c                lcd_interface_end = .
                0x01e28f0c                ui_style_begin = .
 *(.ui_style)
                0x01e28f0c                ui_style_end = .
                0x01e28f0c                elm_event_handler_begin_JL = .
 *(.elm_event_handler_JL)
                0x01e28f0c                elm_event_handler_end_JL = .
                0x01e28f0c                elm_event_handler_begin_UPGRADE = .
 *(.elm_event_handler_UPGRADE)
                0x01e28f0c                elm_event_handler_end_UPGRADE = .
                0x01e28f0c                elm_event_handler_begin_DIAL = .
 *(.elm_event_handler_DIAL)
                0x01e28f0c                elm_event_handler_end_DIAL = .
                0x01e28f0c                control_event_handler_begin = .
 *(.control_event_handler)
                0x01e28f0c                control_event_handler_end = .
                0x01e28f0c                control_ops_begin = .
 *(.control_ops)
                0x01e28f0c                control_ops_end = .
                0x01e28f0c                battery_notify_begin = .
 *(.battery_notify)
                0x01e28f0c                battery_notify_end = .
                0x01e28f0c                . = ALIGN (0x4)
                0x01e28f0c                media_text_start = .
                0x01e28f0c                . = ALIGN (0x4)
 *(.dns_16k_data)
 *(.dns_8k_data)
 *(.jlsp_const)
 *(.jlsp_code)
 *(.aec_code)
 .aec_code      0x01e28f0c      0xe96 cpu/br23/tools/sdk.elf.o
 *(.aec_const)
 *(.der_code)
 *(.der_const)
 *(.nlp_code)
 .nlp_code      0x01e29da2      0x2d2 cpu/br23/tools/sdk.elf.o
 *(.nlp_const)
 *(.qmf_code)
 .qmf_code      0x01e2a074      0x1a6 cpu/br23/tools/sdk.elf.o
 *(.qmf_const)
 *fill*         0x01e2a21a        0x2 
 .qmf_const     0x01e2a21c       0x18 cpu/br23/tools/sdk.elf.o
 *(.bt_audioplc_sparse_code)
 *(.bt_audioplc_code)
 *(.bt_audioplc_const)
                0x01e2a234                . = ALIGN (0x4)
 *(.res_code)
 *(.res_const)
                0x01e2a234                . = ALIGN (0x4)
 *(.ns_code)
 .ns_code       0x01e2a234      0x3aa cpu/br23/tools/sdk.elf.o
 *(.ns_const)
 *(.opcore_maskrom)
 *(.bark_const)
 *fill*         0x01e2a5de        0x2 
 .bark_const    0x01e2a5e0     0x2ec8 cpu/br23/tools/sdk.elf.o
                0x01e2d4a8                . = ALIGN (0x4)
 *(.pcm_code)
 *(.pcm_const)
 *(.g729_code)
 *(.g729_const)
 *(.g726_code)
 *(.g726_const)
 *(.wtg_dec_code)
 *(.wtg_dec_const)
 *(.wtg_dec_sparse_code)
 *(.wtg_dec_sparse_const)
 *(.wtgv2_code)
 *(.wtgv2_const)
 *(.wtgv2dec_code)
 *(.wtgv2dec_const)
 *(.wtgv2dec_str)
 *(.wtg_decv2_sparse_code)
 *(.bfilt_code)
                0x01e2d4a8                . = ALIGN (0x4)
 *(.mp3_decstream_const)
 *(.mp3_decstream_code)
 *(.mp3_decstream_sparse_code)
 *(.mp3_decstream_sparse_const)
 *(.mp3_dec_sparse_code)
 *(.mp3_dec_sparse_const)
 *(.mp3_dec_code)
 *(.mp3_dec_const)
 *(.mp3_const)
 *(.mp3_code)
 *(.msbc_code)
 *(.msbc_const)
 *(.mty_code)
 *(.mty_const)
 *(.mp3tsy_dec_code)
 *(.mp3tsy_dec_const)
 *(.mp3tsy_dec_sparse_code)
 *(.mp3tsy_dec_sparse_const)
 *(.sbc_code)
 *(.sbc_const)
 *(.sine_code)
 *(.sine_const)
 *(.wma_code)
 *(.wma_const)
 *(.wma_dec_code)
 *(.wma_dec_const)
 *(.wma_dec_sparse_code)
 *(.wma_dec_sparse_const)
 *(.wma_decstream_const)
 *(.wma_decstream_code)
 *(.wma_decstream_sparse_code)
 *(.wma_decstream_sparse_const)
 *(.amr_code)
 *(.amr_const)
 *(.midi_code)
 *(.midi_const)
 *(.audio_decoder_code)
 .audio_decoder_code
                0x01e2d4a8      0x6f6 cpu/br23/tools/sdk.elf.o
 *(.audio_decoder_const)
 *(.mp3_encode_code)
 *(.mp3_encode_const)
 *(.media_device_code)
 *(.media_device_const)
 *(.audio_encoder_code)
 *(.audio_encoder_const)
 *(.mixer_code)
 .mixer_code    0x01e2db9e      0x6b2 cpu/br23/tools/sdk.elf.o
 *(.mixer_const)
 *(.stream_code)
 .stream_code   0x01e2e250      0x204 cpu/br23/tools/sdk.elf.o
 *(.stream_const)
 *(.dec_server_code)
 *(.dec_server_const)
 *(.rec_server_code)
 *(.rec_server_const)
 *(.auto_mute_code)
 *(.auto_mute_const)
 *(.plc_code)
 *(.plc_const)
 *(.wireless_sync_code)
 *(.wireless_sync_const)
 *(.fft_code)
 .fft_code      0x01e2e454      0x14c cpu/br23/tools/sdk.elf.o
 *(.fft_const)
 *(.mp3_enc_code)
 *(.mp3_enc_const)
 *(.mp3_enc_sparse_code)
 *(.mp3_enc_sparse_const)
                0x01e2e5a0                . = ALIGN (0x4)
 *(.mp2_encode_code)
 *(.mp2_encode_const)
 *(.mp2_encode_sparse_code)
 *(.mp2_encode_sparse_const)
                0x01e2e5a0                . = ALIGN (0x4)
 *(.adpcm_encode_code)
 *(.adpcm_encode_const)
 *(.adpcm_encode_sparse_code)
 *(.adpcm_encode_sparse_const)
                0x01e2e5a0                . = ALIGN (0x4)
 *(.m4a_dec_sparse_code)
 *(.m4a_dec_sparse_const)
 *(.aac_dec_sparse_code)
 *(.aac_dec_sparse_const)
 *(.bt_aac_dec_core_const)
 *(.amr_dec_const)
 *(.dts_dec_ff_const)
 *(.dts_dec_sparse_code)
 *(.dts_dec_sparse_const)
 *(.res_sparse_code)
 *(.ns_sparse_code)
 .ns_sparse_code
                0x01e2e5a0      0x60a cpu/br23/tools/sdk.elf.o
 *(.aec_sparse_code)
 .aec_sparse_code
                0x01e2ebaa       0xf2 cpu/br23/tools/sdk.elf.o
 *(.nlp_sparse_code)
 .nlp_sparse_code
                0x01e2ec9c      0x10e cpu/br23/tools/sdk.elf.o
 *(.der_sparse_code)
 *(.qmf_sparse_code)
 .qmf_sparse_code
                0x01e2edaa       0x26 cpu/br23/tools/sdk.elf.o
 *(.sms_const)
 *(.sms_sparse_code)
 *(.sms_code)
 *(.resample_cal_code)
 *(.resample_cal_sparse_code)
 *(.resample_cal_const)
 *(.bt_compressor_sparse_const)
 *(.bt_compressor_sparse_code)
 *(.compressor_sparse_code)
 *(.compressor_sparse_const)
 *(.bt_limiter_sparse_const)
 *(.bt_limiter_sparse_code)
 *(.limiter_sparse_code)
 *(.limiter_sparse_const)
 *(.bt_crossOver_sparse_const)
 *(.bt_crossOver_sparse_code)
 *(.crossOver_sparse_code)
 *(.crossOver_sparse_const)
 *(.iap_code)
 *(.iap_const)
 *(.audio_bfilt_code)
 *(.audio_bfilt_const)
 *(.audio_buf_sync_code)
 .audio_buf_sync_code
                0x01e2edd0       0xe2 cpu/br23/tools/sdk.elf.o
 *(.audio_buf_sync_const)
 *(.audio_dec_app_code)
 .audio_dec_app_code
                0x01e2eeb2      0xab6 cpu/br23/tools/sdk.elf.o
 *(.audio_dec_app_const)
 .audio_dec_app_const
                0x01e2f968       0x6c cpu/br23/tools/sdk.elf.o
 *(.audio_dec_app_sync_code)
 .audio_dec_app_sync_code
                0x01e2f9d4        0x2 cpu/br23/tools/sdk.elf.o
 *(.audio_dec_app_sync_const)
 *(.audio_dec_app_event_callback)
 .audio_dec_app_event_callback
                0x01e2f9d6       0x5a cpu/br23/tools/sdk.elf.o
 *(.audio_dec_app_dec_run)
 .audio_dec_app_dec_run
                0x01e2fa30       0xf8 cpu/br23/tools/sdk.elf.o
 *(.audio_dec_app_normal_run)
 .audio_dec_app_normal_run
                0x01e2fb28       0x56 cpu/br23/tools/sdk.elf.o
 *(.audio_dec_tone_event_callback)
 .audio_dec_tone_event_callback
                0x01e2fb7e      0x112 cpu/br23/tools/sdk.elf.o
 *(.audio_dig_vol_code)
 *(.audio_dig_vol_const)
 *(.audio_echo_reverb_code)
 *(.audio_echo_reverb_const)
 *(.echo_cal_code)
 *(.echo_cal_const)
 *(.platereverb_code)
 *(.platereverb_const)
 *(.reverb0_code)
 *(.reverb0_const)
 *(.reverb_cal_sparse_code)
 *(.audio_echo_src_code)
 *(.audio_echo_src_const)
 *(.audio_energy_detect_code)
 *(.audio_energy_detect_const)
 *(.audio_drc_code)
 .audio_drc_code
                0x01e2fc90       0x24 cpu/br23/tools/sdk.elf.o
 *(.audio_drc_const)
 *(.drc_const)
 *(.drc_code)
 *(.audio_eq_drc_apply_code)
 *(.audio_eq_drc_apply_const)
 *(.audio_equalloudness_code)
 *(.audio_equalloudness_const)
 *(.audio_howling_code)
 *(.audio_howling_const)
 *(.howlings_phf_sparse_code)
 *(.audio_noisegate_code)
 *(.audio_noisegate_const)
 *(.noisegate_code)
 *(.noisegate_const)
 *(.noisegate_sparse_code)
 *(.noisegate_sparse_const)
 *(.audio_output_dac_code)
 .audio_output_dac_code
                0x01e2fcb4      0x3de cpu/br23/tools/sdk.elf.o
 *(.audio_output_dac_const)
 *(.audio_pemafrow_code)
 *(.audio_pemafrow_const)
 *(.audio_pitch_code)
 *(.audio_pitch_const)
 *(.audio_pitchspeed_code)
 *(.audio_pitchspeed_const)
 *(.audio_surround_code)
 *(.audio_surround_const)
 *(.audio_vbass_code)
 *(.audio_vbass_const)
 *(.audio_vocal_remove_code)
 *(.audio_vocal_remove_const)
 *(.audio_vocal_tract_synthesis_code)
 *(.audio_vocal_tract_synthesis_const)
 *(.eq_config_code)
 *(.eq_config_const)
 *(.eq_config_protocol_code)
 *(.eq_config_protocol_const)
 *(.spectrum_eq_code)
 *(.spectrum_eq_const)
 *(.spectrum_fft_code)
 *(.spectrum_fft_const)
 *(.audio_localtws_code)
 *(.audio_localtws_const)
 *(.audio_dec_localtws_code)
 *(.audio_dec_localtws_const)
 *(.audio_dec_a2dp_code)
 .audio_dec_a2dp_code
                0x01e30092      0x4e6 cpu/br23/tools/sdk.elf.o
 *(.audio_dec_a2dp_const)
 .audio_dec_a2dp_const
                0x01e30578       0x2c cpu/br23/tools/sdk.elf.o
 *(.audio_dec_esco_code)
 .audio_dec_esco_code
                0x01e305a4      0x240 cpu/br23/tools/sdk.elf.o
 *(.audio_dec_esco_const)
 .audio_dec_esco_const
                0x01e307e4       0x2c cpu/br23/tools/sdk.elf.o
 *(.audio_dec_file_code)
 *(.audio_dec_file_const)
 *(.audio_dec_pcm_code)
 *(.audio_dec_pcm_const)
 *(.audio_resample_code)
 *(.audio_resample_const)
 *(.audio_splicing_code)
 .audio_splicing_code
                0x01e30810      0x38a cpu/br23/tools/sdk.elf.o
 *(.audio_splicing_const)
 *(.channel_switch_code)
 .channel_switch_code
                0x01e30b9a      0x212 cpu/br23/tools/sdk.elf.o
 *(.channel_switch_const)
 *(.sw_drc_code)
 *(.sw_drc_const)
 *(.aptx_decoder_code)
 *(.aptx_decoder_const)
 *(.ldac_decoder_code)
 *(.ldac_decoder_const)
 *(.speex_encoder_code)
 *(.speex_encoder_const)
 *(.sbc_encoder_code)
 *(.sbc_encoder_const)
 *(.opus_encoder_code)
 *(.opus_encoder_const)
 *(.prevent_task_fill_code)
 *(.prevent_task_fill_const)
 *(.audio_cfifo_code)
 .audio_cfifo_code
                0x01e30dac      0x2a2 cpu/br23/tools/sdk.elf.o
 *(.audio_cfifo_const)
 *(.audio_track_code)
 *(.audio_track_const)
 *(.audio_adc_code)
 .audio_adc_code
                0x01e3104e       0x28 cpu/br23/tools/sdk.elf.o
 *(.audio_adc_const)
 *(.audio_dac_code)
 .audio_dac_code
                0x01e31076     0x10e2 cpu/br23/tools/sdk.elf.o
 *(.audio_dac_const)
 .audio_dac_const
                0x01e32158       0x10 cpu/br23/tools/sdk.elf.o
 *(.audio_linein_code)
 *(.audio_linein_const)
 *(.audio_link_code)
 *(.audio_link_const)
 *(.audio_sample_sync_code)
 .audio_sample_sync_code
                0x01e32168      0x53a cpu/br23/tools/sdk.elf.o
 *(.audio_sample_sync_const)
 *(.audio_wireless_sync_code)
 .audio_wireless_sync_code
                0x01e326a2      0x994 cpu/br23/tools/sdk.elf.o
 *(.audio_wireless_sync_const)
 *(.audio_spdif_code)
 *(.audio_spdif_const)
 *(.audio_src_code)
 .audio_src_code
                0x01e33036       0xda cpu/br23/tools/sdk.elf.o
 *(.audio_src_const)
 *(.audio_src_base_code)
 .audio_src_base_code
                0x01e33110      0x25a cpu/br23/tools/sdk.elf.o
 *(.audio_src_base_const)
 *(.effectrs_sync_code)
 *(.effectrs_sync_const)
 *(.eq_design_code)
 *(.eq_design_const)
 *(.hw_eq_code)
 *(.hw_eq_const)
 *(.iic_code)
 *(.iic_const)
 *(.mic_cap_code)
 .mic_cap_code  0x01e3336a      0x8d2 cpu/br23/tools/sdk.elf.o
 *(.mic_cap_const)
 .mic_cap_const
                0x01e33c3c      0x4c6 cpu/br23/tools/sdk.elf.o
 *(.sbc_hwaccel_code)
 *(.sbc_hwaccel_const)
                0x01e34104                . = ALIGN (0x4)
 *fill*         0x01e34102        0x2 
                0x01e34104                _audio_decoder_begin = .
                0x01e34104                PROVIDE (audio_decoder_begin, .)
 *(.audio_decoder)
                0x01e34104                _audio_decoder_end = .
                0x01e34104                PROVIDE (audio_decoder_end, .)
                0x01e34104                _audio_encoder_begin = .
                0x01e34104                PROVIDE (audio_encoder_begin, .)
 *(.audio_encoder)
                0x01e34104                _audio_encoder_end = .
                0x01e34104                PROVIDE (audio_encoder_end, .)
                0x01e34104                _audio_package_begin = .
                [!provide]                PROVIDE (audio_package_begin, .)
 *(.audio_package)
                0x01e34104                _audio_package_end = .
                [!provide]                PROVIDE (audio_package_end, .)
                0x01e34104                _audio_dev_begin = .
                [!provide]                PROVIDE (audio_dev_begin, .)
 *(.audio_device)
                0x01e34104                _audio_dev_end = .
                [!provide]                PROVIDE (audio_dev_end, .)
                0x01e34104                _audio_hwaccel_begin = .
                [!provide]                PROVIDE (audio_hwaccel_begin, .)
 *(.audio_hwaccel)
                0x01e34104                _audio_hwaccel_end = .
                [!provide]                PROVIDE (audio_hwaccel_end, .)
                0x01e34104                . = ALIGN (0x4)
                0x01e34104                media_code_begin = .
 *(.media.*.text)
 .media.media_cpu.text
                0x01e34104      0x144 cpu/br23/tools/sdk.elf.o
 .media.audio_decoder.text
                0x01e34248       0x40 cpu/br23/tools/sdk.elf.o
 .media.mixer.text
                0x01e34288       0x30 cpu/br23/tools/sdk.elf.o
 .media.audio_stream.text
                0x01e342b8       0x1c cpu/br23/tools/sdk.elf.o
 .media.effects.text
                0x01e342d4       0x32 cpu/br23/tools/sdk.elf.o
 .media.audio_encoder.text
                0x01e34306       0x24 cpu/br23/tools/sdk.elf.o
 .media.audio_dec.text
                0x01e3432a        0x4 cpu/br23/tools/sdk.elf.o
 .media.audio_libutils.text
                0x01e3432e       0x20 cpu/br23/tools/sdk.elf.o
                0x01e34350                . = ALIGN (0x4)
 *fill*         0x01e3434e        0x2 
 *(.crossOver_code)
 *(.crossOver_const)
 *(.bt_crossOver_const)
 *(.bt_crossOver_code)
                0x01e34350                . = ALIGN (0x4)
 *(.compressor_code)
 *(.compressor_const)
 *(.bt_compressor_const)
 *(.bt_compressor_code)
                0x01e34350                . = ALIGN (0x4)
 *(.limiter_code)
 *(.limiter_const)
 *(.bt_limiter_const)
 *(.bt_limiter_code)
 *(.drc_sparse_code)
 *(.drc_sparse_const)
                0x01e34350                . = ALIGN (0x4)
 *(.lib_pitchshift_code)
 *(.lib_pitchshift_const)
                0x01e34350                . = ALIGN (0x4)
 *(.sur_cal_const)
 *(.sur_cal_code)
                0x01e34350                . = ALIGN (0x4)
 *(.reverb_cal_sparse_code)
                0x01e34350                . = ALIGN (0x4)
 *(.dvol_ram_code)
                0x01e34350                . = ALIGN (0x4)
 *(.reverb_cal_const)
                0x01e34350                . = ALIGN (0x4)
 *(.reverb_cal_code)
                0x01e34350                . = ALIGN (0x4)
 *(.stream_code_nor_run)
 .stream_code_nor_run
                0x01e34350      0x254 cpu/br23/tools/sdk.elf.o
 *(.mixer_code_nor_run)
 .mixer_code_nor_run
                0x01e345a4      0x656 cpu/br23/tools/sdk.elf.o
 *(.stream_code_copy_run)
 *(.mixer_code_out_run)
 .mixer_code_out_run
                0x01e34bfa      0x4a6 cpu/br23/tools/sdk.elf.o
 *(.audio_codec_code)
 .audio_codec_code
                0x01e350a0      0x210 cpu/br23/tools/sdk.elf.o
 *(.audio_codec_code_read_file)
 *(.audio_src_code_nor_run)
 .audio_src_code_nor_run
                0x01e352b0      0x114 cpu/br23/tools/sdk.elf.o
 *(.src_base_code_nor_run)
 .src_base_code_nor_run
                0x01e353c4      0x2ec cpu/br23/tools/sdk.elf.o
 *(.audio_dac_code_nor_run)
 .audio_dac_code_nor_run
                0x01e356b0      0x3ea cpu/br23/tools/sdk.elf.o
 *(.audio_cfifo_code_nor_run)
 .audio_cfifo_code_nor_run
                0x01e35a9a      0x3ce cpu/br23/tools/sdk.elf.o
 *(.audio_codec_code_frame_file)
 *(.buf_sync_code_nor_run)
 .buf_sync_code_nor_run
                0x01e35e68       0xb2 cpu/br23/tools/sdk.elf.o
 *(.resample_fastcal_const)
 *(.resample_fastcal_code)
 *(.resample_fastcal_sparse_code)
 *(.dynamic_eq_code)
 *(.dynamic_eq_const)
 *(.dynamic_eq_detect_code)
 *(.dynamic_eq_detect_const)
 *(.dynamic_eq_sparse_code)
 *(.dynamic_eq_sparse_const)
 *(.dynamic_eq_detect_sparse_code)
 *(.dynamic_eq_detect_sparse_const)
 *(.audio_mic_effect_const)
 *(.audio_mic_effect_code)
 *(.audio_mic_stream_const)
 *(.audio_mic_stream_code)
 *(.audio_effect_adj_const)
 .audio_effect_adj_const
                0x01e35f1a      0x19c cpu/br23/tools/sdk.elf.o
 *(.audio_effect_adj_code)
 .audio_effect_adj_code
                0x01e360b6      0xa02 cpu/br23/tools/sdk.elf.o
 *(.pitchshifter_code)
 *(.pitchshifter_const)
 *(.pitchshifter_sparse_code)
 *(.vbss_code)
 *(.vbss_sparse_code)
 *(.vbss_sparse_const)
 *(.wav_dec_sparse_code)
 *(.wav_dec_sparse_const)
 *(.wav_dec_code)
 *(.wav_dec_const)
 *(.wav_dec_data)
 *(.wav_data)
 *(.wav_const)
 *(.wav_code)
 *(.flac_dec_sparse_code)
 *(.flac_dec_sparse_const)
 *(.flac_dec_code)
 *(.flac_dec_const)
 *(.flac_dec_data)
 *(.flac_data)
 *(.flac_const)
 *(.flac_code)
                0x01e36ab8                . = ALIGN (0x4)
                0x01e36ab8                media_code_end = .
                0x01e36ab8                . = ALIGN (0x4)
                0x000029b4                media_code_size = (media_code_end - media_code_begin)
                0x01e36ab8                . = ALIGN (0x4)
                0x01e36ab8                media_text_end = .
                0x0000dbac                media_code_total_size = (media_text_end - media_text_start)
                0x01e36ab8                . = ALIGN (0x4)
                0x01e36ab8                update_target_begin = .
                [!provide]                PROVIDE (update_target_begin, .)
 *(.update_target)
 .update_target
                0x01e36ab8       0x28 cpu/br23/tools/sdk.elf.o
                0x01e36ab8                audio_update_target
                0x01e36ac0                iic_update_target
                0x01e36ac8                spi_update_target
                0x01e36ad0                ble_update_target
                0x01e36ad8                bredr_update_target
                0x01e36ae0                update_target_end = .
                [!provide]                PROVIDE (update_target_end, .)
                0x01e36ae0                . = ALIGN (0x4)
 *(.text*)
 .text          0x01e36ae0     0xb654 cpu/br23/tools/sdk.elf.o
                0x01e37acc                update_result_get
                0x01e38308                __errno
                0x01e38382                main
                0x01e3ec8c                app_load_common_code
                0x01e3f884                exception_analyze
 .text._ZN13Shadow_BFNLMSI9floatReal12floatComplex11fixHalfRealE15QueryBufferSizeEii
                0x01e42134       0x14 cpu/br23/tools/sdk.elf.o
 .text._ZN20IMCRA_NoiseEstimatorI9floatRealE15QueryBufferSizeEi
                0x01e42148        0xa cpu/br23/tools/sdk.elf.o
 .text._ZN19MCRA_NoiseEstimatorI9floatRealE15QueryBufferSizeEi
                0x01e42152        0xa cpu/br23/tools/sdk.elf.o
 .text._ZN34SingleChannelNoiseSuppressorInBarkI9floatReal12floatComplexE19QueryTempBufferSizeEii
                0x01e4215c        0xe cpu/br23/tools/sdk.elf.o
 .text._ZN3FFTI9floatReal12floatComplexEC2Eii
                0x01e4216a       0x2c cpu/br23/tools/sdk.elf.o
 .text._Z15VectorMulScalarRK6VectorI9floatRealERK6ScalarIS0_ERS1_
                0x01e42196       0x2a cpu/br23/tools/sdk.elf.o
 .text._ZNK6MatrixI12floatComplexEclEiiii
                0x01e421c0       0x3a cpu/br23/tools/sdk.elf.o
 .text._ZN13Shadow_BFNLMSI9floatReal12floatComplex11fixHalfRealEC2EPS0_iiR3FFTIS0_S1_ERK6ScalarIS0_ESB_iSB_SB_
                0x01e421fa      0x1be cpu/br23/tools/sdk.elf.o
 .text._ZNK6VectorI9floatRealEclEiii
                0x01e423b8       0x32 cpu/br23/tools/sdk.elf.o
 .text._ZNK6VectorI12floatComplexEclEiii
                0x01e423ea       0x32 cpu/br23/tools/sdk.elf.o
 .text._ZN18NonlinearProcessorI9floatReal12floatComplexEC2EPS0_iiRK6ScalarIS0_ES7_S7_S7_
                0x01e4241c      0x19e cpu/br23/tools/sdk.elf.o
 .text._Z10VectorCopyRK6VectorI9floatRealERS_I11fixHalfRealE
                0x01e425ba       0x2a cpu/br23/tools/sdk.elf.o
 .text._ZN12STFTAnalyserI9floatReal12floatComplex11fixHalfRealEC2EPS0_iiRK6VectorIS2_ER3FFTIS0_S1_E
                0x01e425e4       0x4e cpu/br23/tools/sdk.elf.o
 .text._Z10VectorCopyRK6VectorI9floatRealERS1_
                0x01e42632       0x24 cpu/br23/tools/sdk.elf.o
 .text._ZN15STFTSynthesizerI9floatReal12floatComplex11fixHalfRealEC2EPS0_iiRK6VectorIS2_ER3FFTIS0_S1_E
                0x01e42656       0x4e cpu/br23/tools/sdk.elf.o
 .text._Z9VectorSetRK6ScalarI9floatRealER6VectorIS0_E
                0x01e426a4       0x16 cpu/br23/tools/sdk.elf.o
 .text._Z16VectorMeanSquareRK6VectorI11fixHalfRealER6ScalarI9floatRealE
                0x01e426ba       0x38 cpu/br23/tools/sdk.elf.o
 .text._ZN11VectorArrayI11fixHalfRealEC2ERK6VectorIS0_Ei
                0x01e426f2       0x2e cpu/br23/tools/sdk.elf.o
 .text._ZN13dynamicVectorI12floatComplex9floatRealEC2ER9AllocatorIS1_Eii
                0x01e42720       0x2c cpu/br23/tools/sdk.elf.o
 .text._ZN13dynamicVectorI9floatRealS0_EC2ER9AllocatorIS0_Eii
                0x01e4274c       0x28 cpu/br23/tools/sdk.elf.o
 .text._Z18MatrixAccessColumnRK6MatrixI12floatComplexER6VectorIS0_Ei
                0x01e42774       0x20 cpu/br23/tools/sdk.elf.o
 .text._ZN13dynamicVectorI12floatComplex9floatRealED2Ev
                0x01e42794       0x1c cpu/br23/tools/sdk.elf.o
 .text._Z10MatrixCopyRK6MatrixI12floatComplexERS1_
                0x01e427b0       0x4c cpu/br23/tools/sdk.elf.o
 .text._Z18VectorOverlapShiftRK6VectorI11fixHalfRealERS_I9floatRealEi
                0x01e427fc       0x60 cpu/br23/tools/sdk.elf.o
 .text._Z23MatrixEwMulAndSumOneDimRK6MatrixI12floatComplexES3_R6VectorIS0_Ei
                0x01e4285c       0x88 cpu/br23/tools/sdk.elf.o
 .text._Z11VectorMinusRK6VectorI11fixHalfRealERKS_I9floatRealERS5_
                0x01e428e4       0x3e cpu/br23/tools/sdk.elf.o
 .text._Z16VectorMeanSquareRK6VectorI9floatRealER6ScalarIS0_E
                0x01e42922       0x32 cpu/br23/tools/sdk.elf.o
 .text._Z7logAprxI9floatRealEvRK6ScalarIT_ERS3_
                0x01e42954       0x34 cpu/br23/tools/sdk.elf.o
 .text._Z9log10AprxI9floatRealEvRK6ScalarIT_ERS3_
                0x01e42988       0x1a cpu/br23/tools/sdk.elf.o
 .text._Z6mag2dbI9floatRealEvRK6ScalarIT_ERS3_
                0x01e429a2       0x1a cpu/br23/tools/sdk.elf.o
 .text._ZN13Shadow_BFNLMSI9floatReal12floatComplex11fixHalfRealE18UpdateShadowWeightERK6VectorIS2_ES7_RKS4_IS0_ESA_
                0x01e429bc      0x108 cpu/br23/tools/sdk.elf.o
 .text._Z25VectorMagRecursiveAverageRK6VectorI12floatComplexERS_I9floatRealERK6ScalarIS4_E
                0x01e42ac4       0x3c cpu/br23/tools/sdk.elf.o
 .text._Z15VectorMulScalarRK6VectorI12floatComplexERK6ScalarI9floatRealERS1_
                0x01e42b00       0x2e cpu/br23/tools/sdk.elf.o
 .text._Z24VectorConjElementwiseMulRK6VectorI12floatComplexES3_RS1_
                0x01e42b2e       0x44 cpu/br23/tools/sdk.elf.o
 .text._Z10VectorPlusRK6VectorI9floatRealES3_RS1_
                0x01e42b72       0x38 cpu/br23/tools/sdk.elf.o
 .text._Z12VectorDivideRK6VectorI12floatComplexERKS_I9floatRealERS1_RK6ScalarIS4_E
                0x01e42baa       0x3e cpu/br23/tools/sdk.elf.o
 .text._Z10VectorPlusRK6VectorI12floatComplexES3_RS1_
                0x01e42be8       0x40 cpu/br23/tools/sdk.elf.o
 .text._ZN13Shadow_BFNLMSI9floatReal12floatComplex11fixHalfRealE6filterER6VectorIS2_ES6_S6_P9AllocatorIS0_E
                0x01e42c28      0x37c cpu/br23/tools/sdk.elf.o
 .text._ZN13Shadow_BFNLMSI9floatReal12floatComplex11fixHalfRealE13SetPathChangeEv
                0x01e42fa4       0x70 cpu/br23/tools/sdk.elf.o
 .text._Z18VectorOverlapShiftRK6VectorI11fixHalfRealERS1_i
                0x01e43014        0x4 cpu/br23/tools/sdk.elf.o
 .text._Z20VectorElementwiseMulRK6VectorI11fixHalfRealES3_RS_I9floatRealE
                0x01e43018       0x64 cpu/br23/tools/sdk.elf.o
 .text._ZN11VectorArrayI12floatComplexEppEi
                0x01e4307c        0xa cpu/br23/tools/sdk.elf.o
 .text._ZN12STFTAnalyserI9floatReal12floatComplex11fixHalfRealE7AnalyseERK6VectorIS2_ER11VectorArrayIS1_EP9AllocatorIS0_E
                0x01e43086       0x88 cpu/br23/tools/sdk.elf.o
 .text._Z9VectorMaxRK6ScalarI9floatRealER6VectorIS0_E
                0x01e4310e       0x20 cpu/br23/tools/sdk.elf.o
 .text._Z22VectorElementwiseShiftRK6VectorI9floatRealERS1_i
                0x01e4312e        0x4 cpu/br23/tools/sdk.elf.o
 .text._Z22VectorRecursiveAverageRK6VectorI9floatRealERS1_RK6ScalarIS0_E
                0x01e43132       0x38 cpu/br23/tools/sdk.elf.o
 .text._Z9VectorMinRK6VectorI9floatRealES3_RS1_
                0x01e4316a        0x4 cpu/br23/tools/sdk.elf.o
 .text._Z12VectorDivideRK6VectorI9floatRealES3_RS1_RK6ScalarIS0_E
                0x01e4316e        0x6 cpu/br23/tools/sdk.elf.o
 .text._Z15VectorCompareBTRK6VectorI9floatRealES3_RS_IiE
                0x01e43174        0x4 cpu/br23/tools/sdk.elf.o
 .text._Z19VectorElementwiseOrRK6VectorIiES2_RS0_
                0x01e43178       0x30 cpu/br23/tools/sdk.elf.o
 .text._Z21VectorConditionalCopyRK6VectorI9floatRealERKS_IiERS1_
                0x01e431a8        0x4 cpu/br23/tools/sdk.elf.o
 .text._Z16VectorPlusScalarRK6VectorI9floatRealERK6ScalarIS0_ERS1_
                0x01e431ac        0x6 cpu/br23/tools/sdk.elf.o
 .text._Z11VectorMinusRK6VectorI9floatRealES3_RS1_
                0x01e431b2       0x38 cpu/br23/tools/sdk.elf.o
 .text._Z20VectorElementwiseMulRK6VectorI9floatRealES3_RS1_
                0x01e431ea       0x30 cpu/br23/tools/sdk.elf.o
 .text._ZN20IMCRA_NoiseEstimatorI9floatRealE8EstimateERK6VectorIS0_ERS3_R9AllocatorIS0_E
                0x01e4321a      0x2e6 cpu/br23/tools/sdk.elf.o
 .text._ZN19MCRA_NoiseEstimatorI9floatRealE8EstimateERK6VectorIS0_ERS3_R9AllocatorIS0_E
                0x01e43500      0x19e cpu/br23/tools/sdk.elf.o
 .text._Z9VectorMinRK6ScalarI9floatRealER6VectorIS0_E
                0x01e4369e       0x20 cpu/br23/tools/sdk.elf.o
 .text._Z20VectorElementwiseMulRK6VectorI12floatComplexERKS_I9floatRealERS1_
                0x01e436be       0x36 cpu/br23/tools/sdk.elf.o
 .text._ZN34SingleChannelNoiseSuppressorInBarkI9floatReal12floatComplexE8SuppressERK11VectorArrayIS1_ERKS3_IS0_ES9_RS4_R9AllocatorIS0_E
                0x01e436f4      0x27c cpu/br23/tools/sdk.elf.o
 .text._Z12VectorGetMagRK6VectorI12floatComplexERS_I9floatRealE
                0x01e43970       0x2c cpu/br23/tools/sdk.elf.o
 .text._Z20VectorElementwiseMulRK6VectorI9floatRealERKS_I11fixHalfRealERS1_
                0x01e4399c       0x4c cpu/br23/tools/sdk.elf.o
 .text._ZN15STFTSynthesizerI9floatReal12floatComplex11fixHalfRealE10SynthesizeERK11VectorArrayIS1_ER6VectorIS2_EP9AllocatorIS0_E
                0x01e439e8       0xea cpu/br23/tools/sdk.elf.o
 .text._ZN13dynamicVectorI7fixRealS0_EC2ER9AllocatorIS0_Eii
                0x01e43ad2       0x26 cpu/br23/tools/sdk.elf.o
 .text._Z10VectorCopyRK6VectorI11fixHalfRealERS_I7fixRealE
                0x01e43af8        0x4 cpu/br23/tools/sdk.elf.o
 .text._ZNK6VectorI7fixRealEclEiii
                0x01e43afc       0x3c cpu/br23/tools/sdk.elf.o
 .text._Z22VectorElementwiseShiftRK6VectorI7fixRealERS1_i
                0x01e43b38        0x4 cpu/br23/tools/sdk.elf.o
 .text._Z10VectorPlusRK6VectorI7fixRealES3_RS1_
                0x01e43b3c        0x4 cpu/br23/tools/sdk.elf.o
 .text._Z11VectorMinusRK6VectorI7fixRealES3_RS1_
                0x01e43b40        0x4 cpu/br23/tools/sdk.elf.o
 .text._Z10VectorCopyRK6VectorI7fixRealERS_I11fixHalfRealE
                0x01e43b44        0x4 cpu/br23/tools/sdk.elf.o
 .text._ZN15StaticAllocatorI9floatRealE5allocEj
                0x01e43b48        0xc cpu/br23/tools/sdk.elf.o
 .text._Z29VectorConjMulRecursiveAverageRK6VectorI12floatComplexES3_RS1_RK6ScalarI9floatRealE
                0x01e43b54       0x54 cpu/br23/tools/sdk.elf.o
 .text._Z15VectorMagAndDivRK6VectorI12floatComplexERKS_I9floatRealERK6ScalarIS4_ERS5_
                0x01e43ba8       0x40 cpu/br23/tools/sdk.elf.o
 .text._ZNK6VectorI9floatRealEclERK10Vectorzone
                0x01e43be8       0x36 cpu/br23/tools/sdk.elf.o
 .text._Z10VectorMeanRK6VectorI9floatRealER6ScalarIS0_E
                0x01e43c1e       0x30 cpu/br23/tools/sdk.elf.o
 .text._Z22VectorTernaryOperationRKPFvRK6ScalarI9floatRealES3_RS1_ERK6VectorIS0_ESC_RSA_
                0x01e43c4e       0x76 cpu/br23/tools/sdk.elf.o
 .text._ZN18NonlinearProcessorI9floatReal12floatComplexE17CalcSuppressCoeffERK6VectorIS0_ERS4_
                0x01e43cc4      0x1aa cpu/br23/tools/sdk.elf.o